May  1 06:27:35 aphkrsws7 systemd: Removed slice user-0.slice.
May  1 06:27:35 aphkrsws7 systemd: Stopping user-0.slice.
May  1 06:30:02 aphkrsws7 systemd: Created slice user-0.slice.
May  1 06:30:02 aphkrsws7 systemd: Starting user-0.slice.
May  1 06:30:02 aphkrsws7 systemd: Started Session 2976 of user root.
May  1 06:30:02 aphkrsws7 systemd: Starting Session 2976 of user root.
May  1 06:30:02 aphkrsws7 systemd: Started Session 2975 of user root.
May  1 06:30:02 aphkrsws7 systemd: Starting Session 2975 of user root.
May  1 06:30:12 aphkrsws7 systemd: Removed slice user-0.slice.
May  1 06:30:12 aphkrsws7 systemd: Stopping user-0.slice.
May  1 06:40:01 aphkrsws7 systemd: Created slice user-0.slice.
May  1 06:40:01 aphkrsws7 systemd: Starting user-0.slice.
May  1 06:40:01 aphkrsws7 systemd: Started Session 2978 of user root.
May  1 06:40:01 aphkrsws7 systemd: Starting Session 2978 of user root.
May  1 06:40:01 aphkrsws7 systemd: Started Session 2977 of user root.
May  1 06:40:01 aphkrsws7 systemd: Starting Session 2977 of user root.
May  1 06:40:11 aphkrsws7 systemd: Removed slice user-0.slice.
May  1 06:40:11 aphkrsws7 systemd: Stopping user-0.slice.
May  1 06:50:01 aphkrsws7 systemd: Created slice user-0.slice.
May  1 06:50:01 aphkrsws7 systemd: Starting user-0.slice.
May  1 06:50:01 aphkrsws7 systemd: Started Session 2980 of user root.
May  1 06:50:01 aphkrsws7 systemd: Starting Session 2980 of user root.
May  1 06:50:01 aphkrsws7 systemd: Started Session 2979 of user root.
May  1 06:50:01 aphkrsws7 systemd: Starting Session 2979 of user root.
May  1 06:50:11 aphkrsws7 systemd: Removed slice user-0.slice.
May  1 06:50:11 aphkrsws7 systemd: Stopping user-0.slice.
May  1 07:00:01 aphkrsws7 systemd: Created slice user-0.slice.
May  1 07:00:01 aphkrsws7 systemd: Starting user-0.slice.
May  1 07:00:01 aphkrsws7 systemd: Started Session 2982 of user root.
May  1 07:00:01 aphkrsws7 systemd: Starting Session 2982 of user root.
May  1 07:00:01 aphkrsws7 systemd: Started Session 2981 of user root.
May  1 07:00:01 aphkrsws7 systemd: Starting Session 2981 of user root.
May  1 07:00:12 aphkrsws7 systemd: Removed slice user-0.slice.
May  1 07:00:12 aphkrsws7 systemd: Stopping user-0.slice.
May  1 07:01:01 aphkrsws7 systemd: Created slice user-0.slice.
May  1 07:01:01 aphkrsws7 systemd: Starting user-0.slice.
May  1 07:01:01 aphkrsws7 systemd: Started Session 2983 of user root.
May  1 07:01:01 aphkrsws7 systemd: Starting Session 2983 of user root.
May  1 07:02:34 aphkrsws7 systemd: Removed slice user-0.slice.
May  1 07:02:34 aphkrsws7 systemd: Stopping user-0.slice.
May  1 07:10:01 aphkrsws7 systemd: Created slice user-0.slice.
May  1 07:10:01 aphkrsws7 systemd: Starting user-0.slice.
May  1 07:10:01 aphkrsws7 systemd: Started Session 2985 of user root.
May  1 07:10:01 aphkrsws7 systemd: Starting Session 2985 of user root.
May  1 07:10:01 aphkrsws7 systemd: Started Session 2984 of user root.
May  1 07:10:01 aphkrsws7 systemd: Starting Session 2984 of user root.
May  1 07:10:11 aphkrsws7 systemd: Removed slice user-0.slice.
May  1 07:10:11 aphkrsws7 systemd: Stopping user-0.slice.
May  1 07:20:01 aphkrsws7 systemd: Created slice user-0.slice.
May  1 07:20:01 aphkrsws7 systemd: Starting user-0.slice.
May  1 07:20:01 aphkrsws7 systemd: Started Session 2987 of user root.
May  1 07:20:01 aphkrsws7 systemd: Starting Session 2987 of user root.
May  1 07:20:02 aphkrsws7 systemd: Started Session 2986 of user root.
May  1 07:20:02 aphkrsws7 systemd: Starting Session 2986 of user root.
May  1 07:20:12 aphkrsws7 systemd: Removed slice user-0.slice.
May  1 07:20:12 aphkrsws7 systemd: Stopping user-0.slice.
May  1 07:30:01 aphkrsws7 systemd: Created slice user-0.slice.
May  1 07:30:01 aphkrsws7 systemd: Starting user-0.slice.
May  1 07:30:01 aphkrsws7 systemd: Started Session 2989 of user root.
May  1 07:30:01 aphkrsws7 systemd: Starting Session 2989 of user root.
May  1 07:30:01 aphkrsws7 systemd: Started Session 2988 of user root.
May  1 07:30:01 aphkrsws7 systemd: Starting Session 2988 of user root.
May  1 07:30:11 aphkrsws7 systemd: Removed slice user-0.slice.
May  1 07:30:11 aphkrsws7 systemd: Stopping user-0.slice.
May  1 07:40:01 aphkrsws7 systemd: Created slice user-0.slice.
May  1 07:40:01 aphkrsws7 systemd: Starting user-0.slice.
May  1 07:40:01 aphkrsws7 systemd: Started Session 2991 of user root.
May  1 07:40:01 aphkrsws7 systemd: Starting Session 2991 of user root.
May  1 07:40:01 aphkrsws7 systemd: Started Session 2990 of user root.
May  1 07:40:01 aphkrsws7 systemd: Starting Session 2990 of user root.
May  1 07:40:11 aphkrsws7 systemd: Removed slice user-0.slice.
May  1 07:40:11 aphkrsws7 systemd: Stopping user-0.slice.
May  1 07:50:01 aphkrsws7 systemd: Created slice user-0.slice.
May  1 07:50:01 aphkrsws7 systemd: Starting user-0.slice.
May  1 07:50:01 aphkrsws7 systemd: Started Session 2993 of user root.
May  1 07:50:01 aphkrsws7 systemd: Starting Session 2993 of user root.
May  1 07:50:01 aphkrsws7 systemd: Started Session 2992 of user root.
May  1 07:50:01 aphkrsws7 systemd: Starting Session 2992 of user root.
May  1 07:50:12 aphkrsws7 systemd: Removed slice user-0.slice.
May  1 07:50:12 aphkrsws7 systemd: Stopping user-0.slice.
May  1 08:00:01 aphkrsws7 systemd: Created slice user-0.slice.
May  1 08:00:01 aphkrsws7 systemd: Starting user-0.slice.
May  1 08:00:01 aphkrsws7 systemd: Started Session 2995 of user root.
May  1 08:00:01 aphkrsws7 systemd: Starting Session 2995 of user root.
May  1 08:00:01 aphkrsws7 systemd: Started Session 2994 of user root.
May  1 08:00:01 aphkrsws7 systemd: Starting Session 2994 of user root.
May  1 08:00:11 aphkrsws7 systemd: Removed slice user-0.slice.
May  1 08:00:11 aphkrsws7 systemd: Stopping user-0.slice.
May  1 08:01:01 aphkrsws7 systemd: Created slice user-0.slice.
May  1 08:01:01 aphkrsws7 systemd: Starting user-0.slice.
May  1 08:01:01 aphkrsws7 systemd: Started Session 2996 of user root.
May  1 08:01:01 aphkrsws7 systemd: Starting Session 2996 of user root.
May  1 08:10:01 aphkrsws7 systemd: Started Session 2998 of user root.
May  1 08:10:01 aphkrsws7 systemd: Starting Session 2998 of user root.
May  1 08:10:01 aphkrsws7 systemd: Started Session 2997 of user root.
May  1 08:10:01 aphkrsws7 systemd: Starting Session 2997 of user root.
May  1 08:14:12 aphkrsws7 systemd: Removed slice user-0.slice.
May  1 08:14:12 aphkrsws7 systemd: Stopping user-0.slice.
May  1 08:20:01 aphkrsws7 systemd: Created slice user-0.slice.
May  1 08:20:01 aphkrsws7 systemd: Starting user-0.slice.
May  1 08:20:01 aphkrsws7 systemd: Started Session 3000 of user root.
May  1 08:20:01 aphkrsws7 systemd: Starting Session 3000 of user root.
May  1 08:20:01 aphkrsws7 systemd: Started Session 2999 of user root.
May  1 08:20:01 aphkrsws7 systemd: Starting Session 2999 of user root.
May  1 08:20:11 aphkrsws7 systemd: Removed slice user-0.slice.
May  1 08:20:11 aphkrsws7 systemd: Stopping user-0.slice.
May  1 08:30:01 aphkrsws7 systemd: Created slice user-0.slice.
May  1 08:30:01 aphkrsws7 systemd: Starting user-0.slice.
May  1 08:30:01 aphkrsws7 systemd: Started Session 3002 of user root.
May  1 08:30:01 aphkrsws7 systemd: Starting Session 3002 of user root.
May  1 08:30:01 aphkrsws7 systemd: Started Session 3001 of user root.
May  1 08:30:01 aphkrsws7 systemd: Starting Session 3001 of user root.
May  1 08:30:12 aphkrsws7 systemd: Removed slice user-0.slice.
May  1 08:30:12 aphkrsws7 systemd: Stopping user-0.slice.
May  1 08:40:01 aphkrsws7 systemd: Created slice user-0.slice.
May  1 08:40:01 aphkrsws7 systemd: Starting user-0.slice.
May  1 08:40:01 aphkrsws7 systemd: Started Session 3004 of user root.
May  1 08:40:01 aphkrsws7 systemd: Starting Session 3004 of user root.
May  1 08:40:01 aphkrsws7 systemd: Started Session 3003 of user root.
May  1 08:40:01 aphkrsws7 systemd: Starting Session 3003 of user root.
May  1 08:40:11 aphkrsws7 systemd: Removed slice user-0.slice.
May  1 08:40:11 aphkrsws7 systemd: Stopping user-0.slice.
May  1 08:50:01 aphkrsws7 systemd: Created slice user-0.slice.
May  1 08:50:01 aphkrsws7 systemd: Starting user-0.slice.
May  1 08:50:01 aphkrsws7 systemd: Started Session 3006 of user root.
May  1 08:50:01 aphkrsws7 systemd: Starting Session 3006 of user root.
May  1 08:50:01 aphkrsws7 systemd: Started Session 3005 of user root.
May  1 08:50:01 aphkrsws7 systemd: Starting Session 3005 of user root.
May  1 08:50:11 aphkrsws7 systemd: Removed slice user-0.slice.
May  1 08:50:11 aphkrsws7 systemd: Stopping user-0.slice.
May  1 09:00:01 aphkrsws7 systemd: Created slice user-0.slice.
May  1 09:00:01 aphkrsws7 systemd: Starting user-0.slice.
May  1 09:00:01 aphkrsws7 systemd: Started Session 3008 of user root.
May  1 09:00:01 aphkrsws7 systemd: Starting Session 3008 of user root.
May  1 09:00:01 aphkrsws7 systemd: Started Session 3007 of user root.
May  1 09:00:01 aphkrsws7 systemd: Starting Session 3007 of user root.
May  1 09:00:12 aphkrsws7 systemd: Removed slice user-0.slice.
May  1 09:00:12 aphkrsws7 systemd: Stopping user-0.slice.
May  1 09:01:01 aphkrsws7 systemd: Created slice user-0.slice.
May  1 09:01:01 aphkrsws7 systemd: Starting user-0.slice.
May  1 09:01:01 aphkrsws7 systemd: Started Session 3009 of user root.
May  1 09:01:01 aphkrsws7 systemd: Starting Session 3009 of user root.
May  1 09:10:01 aphkrsws7 systemd: Started Session 3011 of user root.
May  1 09:10:01 aphkrsws7 systemd: Starting Session 3011 of user root.
May  1 09:10:01 aphkrsws7 systemd: Started Session 3010 of user root.
May  1 09:10:01 aphkrsws7 systemd: Starting Session 3010 of user root.
May  1 09:13:06 aphkrsws7 systemd: Removed slice user-0.slice.
May  1 09:13:06 aphkrsws7 systemd: Stopping user-0.slice.
May  1 09:20:01 aphkrsws7 systemd: Created slice user-0.slice.
May  1 09:20:01 aphkrsws7 systemd: Starting user-0.slice.
May  1 09:20:01 aphkrsws7 systemd: Started Session 3013 of user root.
May  1 09:20:01 aphkrsws7 systemd: Starting Session 3013 of user root.
May  1 09:20:01 aphkrsws7 systemd: Started Session 3012 of user root.
May  1 09:20:01 aphkrsws7 systemd: Starting Session 3012 of user root.
May  1 09:20:11 aphkrsws7 systemd: Removed slice user-0.slice.
May  1 09:20:11 aphkrsws7 systemd: Stopping user-0.slice.
May  1 09:30:01 aphkrsws7 systemd: Created slice user-0.slice.
May  1 09:30:01 aphkrsws7 systemd: Starting user-0.slice.
May  1 09:30:01 aphkrsws7 systemd: Started Session 3015 of user root.
May  1 09:30:01 aphkrsws7 systemd: Starting Session 3015 of user root.
May  1 09:30:01 aphkrsws7 systemd: Started Session 3014 of user root.
May  1 09:30:01 aphkrsws7 systemd: Starting Session 3014 of user root.
May  1 09:30:11 aphkrsws7 systemd: Removed slice user-0.slice.
May  1 09:30:11 aphkrsws7 systemd: Stopping user-0.slice.
May  1 09:40:01 aphkrsws7 systemd: Created slice user-0.slice.
May  1 09:40:01 aphkrsws7 systemd: Starting user-0.slice.
May  1 09:40:01 aphkrsws7 systemd: Started Session 3017 of user root.
May  1 09:40:01 aphkrsws7 systemd: Starting Session 3017 of user root.
May  1 09:40:01 aphkrsws7 systemd: Started Session 3016 of user root.
May  1 09:40:01 aphkrsws7 systemd: Starting Session 3016 of user root.
May  1 09:40:12 aphkrsws7 systemd: Removed slice user-0.slice.
May  1 09:40:12 aphkrsws7 systemd: Stopping user-0.slice.
May  1 09:50:01 aphkrsws7 systemd: Created slice user-0.slice.
May  1 09:50:01 aphkrsws7 systemd: Starting user-0.slice.
May  1 09:50:01 aphkrsws7 systemd: Started Session 3019 of user root.
May  1 09:50:01 aphkrsws7 systemd: Starting Session 3019 of user root.
May  1 09:50:01 aphkrsws7 systemd: Started Session 3018 of user root.
May  1 09:50:01 aphkrsws7 systemd: Starting Session 3018 of user root.
May  1 09:50:11 aphkrsws7 systemd: Removed slice user-0.slice.
May  1 09:50:11 aphkrsws7 systemd: Stopping user-0.slice.
May  1 10:00:01 aphkrsws7 systemd: Created slice user-0.slice.
May  1 10:00:01 aphkrsws7 systemd: Starting user-0.slice.
May  1 10:00:01 aphkrsws7 systemd: Started Session 3021 of user root.
May  1 10:00:01 aphkrsws7 systemd: Starting Session 3021 of user root.
May  1 10:00:01 aphkrsws7 systemd: Started Session 3020 of user root.
May  1 10:00:01 aphkrsws7 systemd: Starting Session 3020 of user root.
May  1 10:00:11 aphkrsws7 systemd: Removed slice user-0.slice.
May  1 10:00:11 aphkrsws7 systemd: Stopping user-0.slice.
May  1 10:01:01 aphkrsws7 systemd: Created slice user-0.slice.
May  1 10:01:01 aphkrsws7 systemd: Starting user-0.slice.
May  1 10:01:01 aphkrsws7 systemd: Started Session 3022 of user root.
May  1 10:01:01 aphkrsws7 systemd: Starting Session 3022 of user root.
May  1 10:08:57 aphkrsws7 systemd: Removed slice user-0.slice.
May  1 10:08:57 aphkrsws7 systemd: Stopping user-0.slice.
May  1 10:10:01 aphkrsws7 systemd: Created slice user-0.slice.
May  1 10:10:01 aphkrsws7 systemd: Starting user-0.slice.
May  1 10:10:01 aphkrsws7 systemd: Started Session 3024 of user root.
May  1 10:10:01 aphkrsws7 systemd: Starting Session 3024 of user root.
May  1 10:10:01 aphkrsws7 systemd: Started Session 3023 of user root.
May  1 10:10:01 aphkrsws7 systemd: Starting Session 3023 of user root.
May  1 10:10:11 aphkrsws7 systemd: Removed slice user-0.slice.
May  1 10:10:11 aphkrsws7 systemd: Stopping user-0.slice.
May  1 10:20:01 aphkrsws7 systemd: Created slice user-0.slice.
May  1 10:20:01 aphkrsws7 systemd: Starting user-0.slice.
May  1 10:20:01 aphkrsws7 systemd: Started Session 3026 of user root.
May  1 10:20:01 aphkrsws7 systemd: Starting Session 3026 of user root.
May  1 10:20:01 aphkrsws7 systemd: Started Session 3025 of user root.
May  1 10:20:01 aphkrsws7 systemd: Starting Session 3025 of user root.
May  1 10:20:12 aphkrsws7 systemd: Removed slice user-0.slice.
May  1 10:20:12 aphkrsws7 systemd: Stopping user-0.slice.
May  1 10:30:01 aphkrsws7 systemd: Created slice user-0.slice.
May  1 10:30:01 aphkrsws7 systemd: Starting user-0.slice.
May  1 10:30:01 aphkrsws7 systemd: Started Session 3028 of user root.
May  1 10:30:01 aphkrsws7 systemd: Starting Session 3028 of user root.
May  1 10:30:01 aphkrsws7 systemd: Started Session 3027 of user root.
May  1 10:30:01 aphkrsws7 systemd: Starting Session 3027 of user root.
May  1 10:30:11 aphkrsws7 systemd: Removed slice user-0.slice.
May  1 10:30:11 aphkrsws7 systemd: Stopping user-0.slice.
May  1 10:40:01 aphkrsws7 systemd: Created slice user-0.slice.
May  1 10:40:01 aphkrsws7 systemd: Starting user-0.slice.
May  1 10:40:01 aphkrsws7 systemd: Started Session 3030 of user root.
May  1 10:40:01 aphkrsws7 systemd: Starting Session 3030 of user root.
May  1 10:40:01 aphkrsws7 systemd: Started Session 3029 of user root.
May  1 10:40:01 aphkrsws7 systemd: Starting Session 3029 of user root.
May  1 10:40:11 aphkrsws7 systemd: Removed slice user-0.slice.
May  1 10:40:11 aphkrsws7 systemd: Stopping user-0.slice.
May  1 10:50:01 aphkrsws7 systemd: Created slice user-0.slice.
May  1 10:50:01 aphkrsws7 systemd: Starting user-0.slice.
May  1 10:50:01 aphkrsws7 systemd: Started Session 3032 of user root.
May  1 10:50:01 aphkrsws7 systemd: Starting Session 3032 of user root.
May  1 10:50:01 aphkrsws7 systemd: Started Session 3031 of user root.
May  1 10:50:01 aphkrsws7 systemd: Starting Session 3031 of user root.
May  1 10:50:12 aphkrsws7 systemd: Removed slice user-0.slice.
May  1 10:50:12 aphkrsws7 systemd: Stopping user-0.slice.
May  1 11:00:01 aphkrsws7 systemd: Created slice user-0.slice.
May  1 11:00:01 aphkrsws7 systemd: Starting user-0.slice.
May  1 11:00:01 aphkrsws7 systemd: Started Session 3034 of user root.
May  1 11:00:01 aphkrsws7 systemd: Starting Session 3034 of user root.
May  1 11:00:01 aphkrsws7 systemd: Started Session 3033 of user root.
May  1 11:00:01 aphkrsws7 systemd: Starting Session 3033 of user root.
May  1 11:00:11 aphkrsws7 systemd: Removed slice user-0.slice.
May  1 11:00:11 aphkrsws7 systemd: Stopping user-0.slice.
May  1 11:01:01 aphkrsws7 systemd: Created slice user-0.slice.
May  1 11:01:01 aphkrsws7 systemd: Starting user-0.slice.
May  1 11:01:01 aphkrsws7 systemd: Started Session 3035 of user root.
May  1 11:01:01 aphkrsws7 systemd: Starting Session 3035 of user root.
May  1 11:10:01 aphkrsws7 systemd: Started Session 3037 of user root.
May  1 11:10:01 aphkrsws7 systemd: Starting Session 3037 of user root.
May  1 11:10:01 aphkrsws7 systemd: Started Session 3036 of user root.
May  1 11:10:01 aphkrsws7 systemd: Starting Session 3036 of user root.
May  1 11:11:51 aphkrsws7 kernel: yum-cron invoked oom-killer: gfp_mask=0x201da, order=0, oom_score_adj=0
May  1 11:11:51 aphkrsws7 kernel: yum-cron cpuset=/ mems_allowed=0
May  1 11:11:51 aphkrsws7 kernel: CPU: 0 PID: 30520 Comm: yum-cron Not tainted 3.10.0-514.6.1.el7.x86_64 #1
May  1 11:11:51 aphkrsws7 kernel: Hardware name: Xen HVM domU, BIOS 4.1.5 11/28/2013
May  1 11:11:51 aphkrsws7 kernel: ffff880036b1ce70 00000000272f8075 ffff88003c8bb938 ffffffff816862ac
May  1 11:11:51 aphkrsws7 kernel: ffff88003c8bb9c8 ffffffff81681257 ffffffff810eab9c ffff88003be6f670
May  1 11:11:51 aphkrsws7 kernel: ffff88003be6f688 0000000000000206 ffff88003c8bb9f0 ffff88003c8bb9b8
May  1 11:11:51 aphkrsws7 kernel: Call Trace:
May  1 11:11:51 aphkrsws7 kernel: [<ffffffff816862ac>] dump_stack+0x19/0x1b
May  1 11:11:51 aphkrsws7 kernel: [<ffffffff81681257>] dump_header+0x8e/0x225
May  1 11:11:51 aphkrsws7 kernel: [<ffffffff810eab9c>] ? ktime_get_ts64+0x4c/0xf0
May  1 11:11:51 aphkrsws7 kernel: [<ffffffff8118475e>] oom_kill_process+0x24e/0x3c0
May  1 11:11:51 aphkrsws7 kernel: [<ffffffff811841fd>] ? oom_unkillable_task+0xcd/0x120
May  1 11:11:51 aphkrsws7 kernel: [<ffffffff811842a6>] ? find_lock_task_mm+0x56/0xc0
May  1 11:11:51 aphkrsws7 kernel: [<ffffffff810937ee>] ? has_capability_noaudit+0x1e/0x30
May  1 11:11:51 aphkrsws7 kernel: [<ffffffff81184f96>] out_of_memory+0x4b6/0x4f0
May  1 11:11:51 aphkrsws7 kernel: [<ffffffff81681d60>] __alloc_pages_slowpath+0x5d7/0x725
May  1 11:11:51 aphkrsws7 kernel: [<ffffffff8118b0a5>] __alloc_pages_nodemask+0x405/0x420
May  1 11:11:51 aphkrsws7 kernel: [<ffffffff811cf25a>] alloc_pages_current+0xaa/0x170
May  1 11:11:51 aphkrsws7 kernel: [<ffffffff81180667>] __page_cache_alloc+0x97/0xb0
May  1 11:11:51 aphkrsws7 kernel: [<ffffffff811831b0>] filemap_fault+0x170/0x410
May  1 11:11:51 aphkrsws7 kernel: [<ffffffffa019f016>] ext4_filemap_fault+0x36/0x50 [ext4]
May  1 11:11:51 aphkrsws7 kernel: [<ffffffff811ac2ec>] __do_fault+0x4c/0xc0
May  1 11:11:51 aphkrsws7 kernel: [<ffffffff811ac783>] do_read_fault.isra.42+0x43/0x130
May  1 11:11:51 aphkrsws7 kernel: [<ffffffff811b0f11>] handle_mm_fault+0x6b1/0xfe0
May  1 11:11:51 aphkrsws7 kernel: [<ffffffff81691d94>] __do_page_fault+0x154/0x450
May  1 11:11:51 aphkrsws7 kernel: [<ffffffff816920c5>] do_page_fault+0x35/0x90
May  1 11:11:51 aphkrsws7 kernel: [<ffffffff8168e388>] page_fault+0x28/0x30
May  1 11:11:51 aphkrsws7 kernel: Mem-Info:
May  1 11:11:51 aphkrsws7 kernel: active_anon:209326 inactive_anon:10048 isolated_anon:0#012 active_file:287 inactive_file:2039 isolated_file:0#012 unevictable:0 dirty:0 writeback:0 unstable:0#012 slab_reclaimable:4774 slab_unreclaimable:4658#012 mapped:1373 shmem:14654 pagetables:3815 bounce:0#012 free:12221 free_pcp:62 free_cma:0
May  1 11:11:51 aphkrsws7 kernel: Node 0 DMA free:4588kB min:708kB low:884kB high:1060kB active_anon:10220kB inactive_anon:472kB active_file:0kB inactive_file:0kB unevictable:0kB isolated(anon):0kB isolated(file):0kB present:15988kB managed:15904kB mlocked:0kB dirty:0kB writeback:0kB mapped:156kB shmem:1136kB slab_reclaimable:180kB slab_unreclaimable:140kB kernel_stack:0kB pagetables:96kB unstable:0kB bounce:0kB free_pcp:0kB local_pcp:0kB free_cma:0kB writeback_tmp:0kB pages_scanned:0 all_unreclaimable? yes
May  1 11:11:51 aphkrsws7 kernel: lowmem_reserve[]: 0 970 970 970
May  1 11:11:51 aphkrsws7 kernel: Node 0 DMA32 free:44296kB min:44344kB low:55428kB high:66516kB active_anon:827084kB inactive_anon:39720kB active_file:1148kB inactive_file:8156kB unevictable:0kB isolated(anon):0kB isolated(file):0kB present:1028096kB managed:994980kB mlocked:0kB dirty:0kB writeback:0kB mapped:5336kB shmem:57480kB slab_reclaimable:18916kB slab_unreclaimable:18492kB kernel_stack:2512kB pagetables:15164kB unstable:0kB bounce:0kB free_pcp:248kB local_pcp:248kB free_cma:0kB writeback_tmp:0kB pages_scanned:10579 all_unreclaimable? yes
May  1 11:11:51 aphkrsws7 kernel: lowmem_reserve[]: 0 0 0 0
May  1 11:11:51 aphkrsws7 kernel: Node 0 DMA: 7*4kB (UEM) 16*8kB (UEM) 13*16kB (UEM) 8*32kB (UEM) 4*64kB (UE) 1*128kB (U) 0*256kB 3*512kB (UEM) 2*1024kB (EM) 0*2048kB 0*4096kB = 4588kB
May  1 11:11:51 aphkrsws7 kernel: Node 0 DMA32: 292*4kB (UEM) 189*8kB (EM) 281*16kB (UE) 290*32kB (UE) 159*64kB (UE) 58*128kB (UE) 24*256kB (UE) 6*512kB (EM) 1*1024kB (U) 0*2048kB 0*4096kB = 44296kB
May  1 11:11:51 aphkrsws7 kernel: Node 0 hugepages_total=0 hugepages_free=0 hugepages_surp=0 hugepages_size=2048kB
May  1 11:11:51 aphkrsws7 kernel: 16988 total pagecache pages
May  1 11:11:51 aphkrsws7 kernel: 0 pages in swap cache
May  1 11:11:51 aphkrsws7 kernel: Swap cache stats: add 0, delete 0, find 0/0
May  1 11:11:51 aphkrsws7 kernel: Free swap  = 0kB
May  1 11:11:51 aphkrsws7 kernel: Total swap = 0kB
May  1 11:11:51 aphkrsws7 kernel: 261021 pages RAM
May  1 11:11:51 aphkrsws7 kernel: 0 pages HighMem/MovableOnly
May  1 11:11:51 aphkrsws7 kernel: 8300 pages reserved
May  1 11:11:51 aphkrsws7 kernel: [ pid ]   uid  tgid total_vm      rss nr_ptes swapents oom_score_adj name
May  1 11:11:51 aphkrsws7 kernel: [  333]     0   333     8835      611      20        0             0 systemd-journal
May  1 11:11:51 aphkrsws7 kernel: [  463]     0   463     6180      198      17        0             0 systemd-logind
May  1 11:11:51 aphkrsws7 kernel: [  464]     0   464    53166      431      57        0             0 abrtd
May  1 11:11:51 aphkrsws7 kernel: [  468]    81   468     6195      192      18        0          -900 dbus-daemon
May  1 11:11:51 aphkrsws7 kernel: [  471]     0   471    52566      340      56        0             0 abrt-watch-log
May  1 11:11:51 aphkrsws7 kernel: [  479]   997   479     2131       37       8        0             0 lsmd
May  1 11:11:51 aphkrsws7 kernel: [  492]     0   492     6071      126      16        0             0 smartd
May  1 11:11:51 aphkrsws7 kernel: [  505]     0   505     6461       52      15        0             0 atd
May  1 11:11:51 aphkrsws7 kernel: [  529]     0   529    27509       34      10        0             0 agetty
May  1 11:11:51 aphkrsws7 kernel: [  736]     0   736     2941       84      11        0             0 xe-daemon
May  1 11:11:51 aphkrsws7 kernel: [  737]     0   737    70637     1487      62        0             0 nova-agent
May  1 11:11:51 aphkrsws7 kernel: [ 1161]     0  1161    22245      258      42        0             0 master
May  1 11:11:51 aphkrsws7 kernel: [ 1169]    89  1169    22314      263      41        0             0 qmgr
May  1 11:11:51 aphkrsws7 kernel: [10011]     0 10011   109722     3663      46        0             0 rackspace-monit
May  1 11:11:51 aphkrsws7 kernel: [10384]     0 10384    67649      872      59        0             0 rsyslogd
May  1 11:11:51 aphkrsws7 kernel: [10417]    38 10417     7352      151      18        0             0 ntpd
May  1 11:11:51 aphkrsws7 kernel: [22043]     0 22043    10875      127      21        0         -1000 systemd-udevd
May  1 11:11:51 aphkrsws7 kernel: [22458]     0 22458    26370      246      54        0         -1000 sshd
May  1 11:11:51 aphkrsws7 kernel: [22532]     0 22532    82934     6165      84        0             0 firewalld
May  1 11:11:51 aphkrsws7 kernel: [22560]     0 22560   112395     3828     103        0             0 fail2ban-server
May  1 11:11:51 aphkrsws7 kernel: [22645]     0 22645    13854      112      26        0         -1000 auditd
May  1 11:11:51 aphkrsws7 kernel: [22740]   998 22740   132068     1833      53        0             0 polkitd
May  1 11:11:51 aphkrsws7 kernel: [22762]     0 22762   138290     2675      90        0             0 tuned
May  1 11:11:51 aphkrsws7 kernel: [26034]     0 26034    11290       75      25        0             0 lvmetad
May  1 11:11:51 aphkrsws7 kernel: [21047]     0 21047    99740     2175     189        0             0 httpd
May  1 11:11:51 aphkrsws7 kernel: [29364]     0 29364    31555      157      20        0             0 crond
May  1 11:11:51 aphkrsws7 kernel: [11904]     0 11904    84904     3401     112        0             0 python
May  1 11:11:51 aphkrsws7 kernel: [11974]     0 11974   187759     6796      61        0             0 driveclient
May  1 11:11:51 aphkrsws7 kernel: [21151]   995 21151   194452    29100     128        0             0 mysqld
May  1 11:11:51 aphkrsws7 kernel: [21615]     0 21615    67756     1382     130        0             0 httpd
May  1 11:11:51 aphkrsws7 kernel: [21617]    48 21617   132238    12801     220        0             0 httpd
May  1 11:11:51 aphkrsws7 kernel: [21618]    48 21618   132225    12673     220        0             0 httpd
May  1 11:11:51 aphkrsws7 kernel: [21619]    48 21619   132081    12644     219        0             0 httpd
May  1 11:11:51 aphkrsws7 kernel: [21620]    48 21620   111131    12798     211        0             0 httpd
May  1 11:11:51 aphkrsws7 kernel: [21621]    48 21621   110295    12527     209        0             0 httpd
May  1 11:11:51 aphkrsws7 kernel: [23992]    48 23992   110951    12742     211        0             0 httpd
May  1 11:11:51 aphkrsws7 kernel: [26915]    48 26915   132329    12900     220        0             0 httpd
May  1 11:11:51 aphkrsws7 kernel: [26997]    48 26997   111129    12797     211        0             0 httpd
May  1 11:11:51 aphkrsws7 kernel: [30330]    89 30330    22449      272      42        0             0 pickup
May  1 11:11:51 aphkrsws7 kernel: [30507]     0 30507    44529      229      44        0             0 crond
May  1 11:11:51 aphkrsws7 kernel: [30508]     0 30508    28280       53      14        0             0 run-parts
May  1 11:11:51 aphkrsws7 kernel: [30520]     0 30520   254347    46349     223        0             0 yum-cron
May  1 11:11:51 aphkrsws7 kernel: [30521]     0 30521    28371       36      13        0             0 awk
May  1 11:11:51 aphkrsws7 kernel: [30811]    89 30811    22486      274      43        0             0 cleanup
May  1 11:11:51 aphkrsws7 kernel: [30813]    89 30813    22450      272      44        0             0 trivial-rewrite
May  1 11:11:51 aphkrsws7 kernel: [30814]     0 30814    22475      287      43        0             0 local
May  1 11:11:51 aphkrsws7 kernel: [30874]     0 30874     1077       17       8        0             0 sleep
May  1 11:11:51 aphkrsws7 kernel: Out of memory: Kill process 30520 (yum-cron) score 178 or sacrifice child
May  1 11:11:51 aphkrsws7 kernel: Killed process 30520 (yum-cron) total-vm:1017388kB, anon-rss:185028kB, file-rss:368kB, shmem-rss:0kB
May  1 11:11:51 aphkrsws7 systemd: Removed slice user-0.slice.
May  1 11:11:51 aphkrsws7 systemd: Stopping user-0.slice.
May  1 11:20:01 aphkrsws7 systemd: Created slice user-0.slice.
May  1 11:20:01 aphkrsws7 systemd: Starting user-0.slice.
May  1 11:20:01 aphkrsws7 systemd: Started Session 3038 of user root.
May  1 11:20:01 aphkrsws7 systemd: Starting Session 3038 of user root.
May  1 11:20:01 aphkrsws7 systemd: Started Session 3039 of user root.
May  1 11:20:01 aphkrsws7 systemd: Starting Session 3039 of user root.
May  1 11:20:12 aphkrsws7 systemd: Removed slice user-0.slice.
May  1 11:20:12 aphkrsws7 systemd: Stopping user-0.slice.
May  1 11:30:01 aphkrsws7 systemd: Created slice user-0.slice.
May  1 11:30:01 aphkrsws7 systemd: Starting user-0.slice.
May  1 11:30:01 aphkrsws7 systemd: Started Session 3041 of user root.
May  1 11:30:01 aphkrsws7 systemd: Starting Session 3041 of user root.
May  1 11:30:01 aphkrsws7 systemd: Started Session 3040 of user root.
May  1 11:30:01 aphkrsws7 systemd: Starting Session 3040 of user root.
May  1 11:30:11 aphkrsws7 systemd: Removed slice user-0.slice.
May  1 11:30:11 aphkrsws7 systemd: Stopping user-0.slice.
May  1 11:40:01 aphkrsws7 systemd: Created slice user-0.slice.
May  1 11:40:01 aphkrsws7 systemd: Starting user-0.slice.
May  1 11:40:01 aphkrsws7 systemd: Started Session 3043 of user root.
May  1 11:40:01 aphkrsws7 systemd: Starting Session 3043 of user root.
May  1 11:40:01 aphkrsws7 systemd: Started Session 3042 of user root.
May  1 11:40:01 aphkrsws7 systemd: Starting Session 3042 of user root.
May  1 11:40:12 aphkrsws7 systemd: Removed slice user-0.slice.
May  1 11:40:12 aphkrsws7 systemd: Stopping user-0.slice.
May  1 11:50:01 aphkrsws7 systemd: Created slice user-0.slice.
May  1 11:50:01 aphkrsws7 systemd: Starting user-0.slice.
May  1 11:50:01 aphkrsws7 systemd: Started Session 3045 of user root.
May  1 11:50:01 aphkrsws7 systemd: Starting Session 3045 of user root.
May  1 11:50:01 aphkrsws7 systemd: Started Session 3044 of user root.
May  1 11:50:01 aphkrsws7 systemd: Starting Session 3044 of user root.
May  1 11:50:11 aphkrsws7 systemd: Removed slice user-0.slice.
May  1 11:50:11 aphkrsws7 systemd: Stopping user-0.slice.
May  1 12:00:01 aphkrsws7 systemd: Created slice user-0.slice.
May  1 12:00:01 aphkrsws7 systemd: Starting user-0.slice.
May  1 12:00:01 aphkrsws7 systemd: Started Session 3047 of user root.
May  1 12:00:01 aphkrsws7 systemd: Starting Session 3047 of user root.
May  1 12:00:01 aphkrsws7 systemd: Started Session 3046 of user root.
May  1 12:00:01 aphkrsws7 systemd: Starting Session 3046 of user root.
May  1 12:00:11 aphkrsws7 systemd: Removed slice user-0.slice.
May  1 12:00:11 aphkrsws7 systemd: Stopping user-0.slice.
May  1 12:01:01 aphkrsws7 systemd: Created slice user-0.slice.
May  1 12:01:01 aphkrsws7 systemd: Starting user-0.slice.
May  1 12:01:01 aphkrsws7 systemd: Started Session 3048 of user root.
May  1 12:01:01 aphkrsws7 systemd: Starting Session 3048 of user root.
May  1 12:03:58 aphkrsws7 kernel: rackspace-monit invoked oom-killer: gfp_mask=0x201da, order=0, oom_score_adj=0
May  1 12:03:58 aphkrsws7 kernel: rackspace-monit cpuset=/ mems_allowed=0
May  1 12:03:58 aphkrsws7 kernel: CPU: 0 PID: 10011 Comm: rackspace-monit Not tainted 3.10.0-514.6.1.el7.x86_64 #1
May  1 12:03:58 aphkrsws7 kernel: Hardware name: Xen HVM domU, BIOS 4.1.5 11/28/2013
May  1 12:03:58 aphkrsws7 kernel: ffff880036c6edd0 00000000003eeb39 ffff88003ae33938 ffffffff816862ac
May  1 12:03:58 aphkrsws7 kernel: ffff88003ae339c8 ffffffff81681257 ffffffff810eab9c ffff88003bf8a590
May  1 12:03:58 aphkrsws7 kernel: ffff88003bf8a5a8 0000000000000206 ffff880036c6edd0 ffff88003ae339b8
May  1 12:03:58 aphkrsws7 kernel: Call Trace:
May  1 12:03:58 aphkrsws7 kernel: [<ffffffff816862ac>] dump_stack+0x19/0x1b
May  1 12:03:58 aphkrsws7 kernel: [<ffffffff81681257>] dump_header+0x8e/0x225
May  1 12:03:58 aphkrsws7 kernel: [<ffffffff810eab9c>] ? ktime_get_ts64+0x4c/0xf0
May  1 12:03:58 aphkrsws7 kernel: [<ffffffff8113ccaf>] ? delayacct_end+0x8f/0xb0
May  1 12:03:58 aphkrsws7 kernel: [<ffffffff8118475e>] oom_kill_process+0x24e/0x3c0
May  1 12:03:58 aphkrsws7 kernel: [<ffffffff811841fd>] ? oom_unkillable_task+0xcd/0x120
May  1 12:03:58 aphkrsws7 kernel: [<ffffffff811842a6>] ? find_lock_task_mm+0x56/0xc0
May  1 12:03:58 aphkrsws7 kernel: [<ffffffff810937ee>] ? has_capability_noaudit+0x1e/0x30
May  1 12:03:58 aphkrsws7 kernel: [<ffffffff81184f96>] out_of_memory+0x4b6/0x4f0
May  1 12:03:58 aphkrsws7 kernel: [<ffffffff81681d60>] __alloc_pages_slowpath+0x5d7/0x725
May  1 12:03:58 aphkrsws7 kernel: [<ffffffff8118b0a5>] __alloc_pages_nodemask+0x405/0x420
May  1 12:03:58 aphkrsws7 kernel: [<ffffffff811cf25a>] alloc_pages_current+0xaa/0x170
May  1 12:03:58 aphkrsws7 kernel: [<ffffffff81180667>] __page_cache_alloc+0x97/0xb0
May  1 12:03:58 aphkrsws7 kernel: [<ffffffff811831b0>] filemap_fault+0x170/0x410
May  1 12:03:58 aphkrsws7 kernel: [<ffffffffa019f016>] ext4_filemap_fault+0x36/0x50 [ext4]
May  1 12:03:58 aphkrsws7 kernel: [<ffffffff811ac2ec>] __do_fault+0x4c/0xc0
May  1 12:03:58 aphkrsws7 kernel: [<ffffffff811ac783>] do_read_fault.isra.42+0x43/0x130
May  1 12:03:58 aphkrsws7 kernel: [<ffffffff811b0f11>] handle_mm_fault+0x6b1/0xfe0
May  1 12:03:58 aphkrsws7 kernel: [<ffffffff81691d94>] __do_page_fault+0x154/0x450
May  1 12:03:58 aphkrsws7 kernel: [<ffffffff816920c5>] do_page_fault+0x35/0x90
May  1 12:03:58 aphkrsws7 kernel: [<ffffffff8168e388>] page_fault+0x28/0x30
May  1 12:03:58 aphkrsws7 kernel: Mem-Info:
May  1 12:03:58 aphkrsws7 kernel: active_anon:207796 inactive_anon:10049 isolated_anon:0#012 active_file:563 inactive_file:1783 isolated_file:0#012 unevictable:0 dirty:6 writeback:0 unstable:0#012 slab_reclaimable:4683 slab_unreclaimable:4637#012 mapped:1484 shmem:14655 pagetables:3678 bounce:0#012 free:12208 free_pcp:30 free_cma:0
May  1 12:03:58 aphkrsws7 kernel: Node 0 DMA free:4588kB min:708kB low:884kB high:1060kB active_anon:9996kB inactive_anon:472kB active_file:0kB inactive_file:0kB unevictable:0kB isolated(anon):0kB isolated(file):0kB present:15988kB managed:15904kB mlocked:0kB dirty:0kB writeback:0kB mapped:152kB shmem:1136kB slab_reclaimable:180kB slab_unreclaimable:140kB kernel_stack:0kB pagetables:68kB unstable:0kB bounce:0kB free_pcp:0kB local_pcp:0kB free_cma:0kB writeback_tmp:0kB pages_scanned:0 all_unreclaimable? yes
May  1 12:03:58 aphkrsws7 kernel: lowmem_reserve[]: 0 970 970 970
May  1 12:03:58 aphkrsws7 kernel: Node 0 DMA32 free:44244kB min:44344kB low:55428kB high:66516kB active_anon:821188kB inactive_anon:39724kB active_file:2252kB inactive_file:7132kB unevictable:0kB isolated(anon):0kB isolated(file):0kB present:1028096kB managed:994980kB mlocked:0kB dirty:28kB writeback:0kB mapped:5784kB shmem:57484kB slab_reclaimable:18552kB slab_unreclaimable:18408kB kernel_stack:2480kB pagetables:14644kB unstable:0kB bounce:0kB free_pcp:120kB local_pcp:120kB free_cma:0kB writeback_tmp:0kB pages_scanned:10906 all_unreclaimable? yes
May  1 12:03:58 aphkrsws7 kernel: lowmem_reserve[]: 0 0 0 0
May  1 12:03:58 aphkrsws7 kernel: Node 0 DMA: 9*4kB (UE) 17*8kB (UE) 12*16kB (UE) 8*32kB (UEM) 4*64kB (UE) 1*128kB (U) 0*256kB 3*512kB (UEM) 2*1024kB (EM) 0*2048kB 0*4096kB = 4588kB
May  1 12:03:58 aphkrsws7 kernel: Node 0 DMA32: 273*4kB (UE) 212*8kB (UEM) 301*16kB (UE) 291*32kB (UEM) 163*64kB (UE) 58*128kB (UEM) 23*256kB (UE) 3*512kB (EM) 2*1024kB (UE) 0*2048kB 0*4096kB = 44244kB
May  1 12:03:58 aphkrsws7 kernel: Node 0 hugepages_total=0 hugepages_free=0 hugepages_surp=0 hugepages_size=2048kB
May  1 12:03:58 aphkrsws7 kernel: 17015 total pagecache pages
May  1 12:03:58 aphkrsws7 kernel: 0 pages in swap cache
May  1 12:03:58 aphkrsws7 kernel: Swap cache stats: add 0, delete 0, find 0/0
May  1 12:03:58 aphkrsws7 kernel: Free swap  = 0kB
May  1 12:03:58 aphkrsws7 kernel: Total swap = 0kB
May  1 12:03:58 aphkrsws7 kernel: 261021 pages RAM
May  1 12:03:58 aphkrsws7 kernel: 0 pages HighMem/MovableOnly
May  1 12:03:58 aphkrsws7 kernel: 8300 pages reserved
May  1 12:03:58 aphkrsws7 kernel: [ pid ]   uid  tgid total_vm      rss nr_ptes swapents oom_score_adj name
May  1 12:03:58 aphkrsws7 kernel: [  333]     0   333     8835      683      20        0             0 systemd-journal
May  1 12:03:58 aphkrsws7 kernel: [  463]     0   463     6180      230      17        0             0 systemd-logind
May  1 12:03:58 aphkrsws7 kernel: [  464]     0   464    53166      431      57        0             0 abrtd
May  1 12:03:58 aphkrsws7 kernel: [  468]    81   468     6195      214      18        0          -900 dbus-daemon
May  1 12:03:58 aphkrsws7 kernel: [  471]     0   471    52566      346      56        0             0 abrt-watch-log
May  1 12:03:58 aphkrsws7 kernel: [  479]   997   479     2131       37       8        0             0 lsmd
May  1 12:03:58 aphkrsws7 kernel: [  492]     0   492     6071      126      16        0             0 smartd
May  1 12:03:58 aphkrsws7 kernel: [  505]     0   505     6461       52      15        0             0 atd
May  1 12:03:58 aphkrsws7 kernel: [  529]     0   529    27509       34      10        0             0 agetty
May  1 12:03:58 aphkrsws7 kernel: [  736]     0   736     2941       99      11        0             0 xe-daemon
May  1 12:03:58 aphkrsws7 kernel: [  737]     0   737    70637     1487      62        0             0 nova-agent
May  1 12:03:58 aphkrsws7 kernel: [ 1161]     0  1161    22245      270      42        0             0 master
May  1 12:03:58 aphkrsws7 kernel: [ 1169]    89  1169    22314      263      41        0             0 qmgr
May  1 12:03:58 aphkrsws7 kernel: [10011]     0 10011   109788     3745      46        0             0 rackspace-monit
May  1 12:03:58 aphkrsws7 kernel: [10384]     0 10384    67649      927      59        0             0 rsyslogd
May  1 12:03:58 aphkrsws7 kernel: [10417]    38 10417     7352      173      18        0             0 ntpd
May  1 12:03:58 aphkrsws7 kernel: [22043]     0 22043    10875      127      21        0         -1000 systemd-udevd
May  1 12:03:58 aphkrsws7 kernel: [22458]     0 22458    26370      259      54        0         -1000 sshd
May  1 12:03:58 aphkrsws7 kernel: [22532]     0 22532    82934     6178      84        0             0 firewalld
May  1 12:03:58 aphkrsws7 kernel: [22560]     0 22560   112395     3979     103        0             0 fail2ban-server
May  1 12:03:58 aphkrsws7 kernel: [22645]     0 22645    13854      112      26        0         -1000 auditd
May  1 12:03:58 aphkrsws7 kernel: [22740]   998 22740   132068     1833      53        0             0 polkitd
May  1 12:03:58 aphkrsws7 kernel: [22762]     0 22762   138290     2667      90        0             0 tuned
May  1 12:03:58 aphkrsws7 kernel: [26034]     0 26034    11290       75      25        0             0 lvmetad
May  1 12:03:58 aphkrsws7 kernel: [21047]     0 21047    99740     2175     189        0             0 httpd
May  1 12:03:58 aphkrsws7 kernel: [29364]     0 29364    31555      180      20        0             0 crond
May  1 12:03:58 aphkrsws7 kernel: [11904]     0 11904    84904     3453     112        0             0 python
May  1 12:03:58 aphkrsws7 kernel: [11974]     0 11974   187759     6796      61        0             0 driveclient
May  1 12:03:58 aphkrsws7 kernel: [21151]   995 21151   194452    29142     128        0             0 mysqld
May  1 12:03:58 aphkrsws7 kernel: [21615]     0 21615    67756     1382     130        0             0 httpd
May  1 12:03:58 aphkrsws7 kernel: [21617]    48 21617   132238    12810     220        0             0 httpd
May  1 12:03:58 aphkrsws7 kernel: [21618]    48 21618   132225    12681     220        0             0 httpd
May  1 12:03:58 aphkrsws7 kernel: [21619]    48 21619   132081    12653     219        0             0 httpd
May  1 12:03:58 aphkrsws7 kernel: [21620]    48 21620   111131    12815     211        0             0 httpd
May  1 12:03:58 aphkrsws7 kernel: [21621]    48 21621   110295    12527     209        0             0 httpd
May  1 12:03:58 aphkrsws7 kernel: [23992]    48 23992   110951    12749     211        0             0 httpd
May  1 12:03:58 aphkrsws7 kernel: [26915]    48 26915   132329    12899     220        0             0 httpd
May  1 12:03:58 aphkrsws7 kernel: [26997]    48 26997   111129    12803     211        0             0 httpd
May  1 12:03:58 aphkrsws7 kernel: [30330]    89 30330    22449      288      42        0             0 pickup
May  1 12:03:58 aphkrsws7 kernel: [32406]     0 32406    44529      252      44        0             0 crond
May  1 12:03:58 aphkrsws7 kernel: [32407]     0 32407    28280       79      14        0             0 run-parts
May  1 12:03:58 aphkrsws7 kernel: [32419]     0 32419   253596    45682     221        0             0 yum-cron
May  1 12:03:58 aphkrsws7 kernel: [32420]     0 32420    28371       44      13        0             0 awk
May  1 12:03:58 aphkrsws7 kernel: [32497]     0 32497     1077       17       7        0             0 sleep
May  1 12:03:58 aphkrsws7 kernel: Out of memory: Kill process 32419 (yum-cron) score 176 or sacrifice child
May  1 12:03:58 aphkrsws7 kernel: Killed process 32419 (yum-cron) total-vm:1014384kB, anon-rss:182096kB, file-rss:632kB, shmem-rss:0kB
May  1 12:03:58 aphkrsws7 systemd: Removed slice user-0.slice.
May  1 12:03:58 aphkrsws7 systemd: Stopping user-0.slice.
May  1 12:10:01 aphkrsws7 systemd: Created slice user-0.slice.
May  1 12:10:01 aphkrsws7 systemd: Starting user-0.slice.
May  1 12:10:01 aphkrsws7 systemd: Started Session 3049 of user root.
May  1 12:10:01 aphkrsws7 systemd: Starting Session 3049 of user root.
May  1 12:10:01 aphkrsws7 systemd: Started Session 3050 of user root.
May  1 12:10:01 aphkrsws7 systemd: Starting Session 3050 of user root.
May  1 12:10:12 aphkrsws7 systemd: Removed slice user-0.slice.
May  1 12:10:12 aphkrsws7 systemd: Stopping user-0.slice.
May  1 12:20:01 aphkrsws7 systemd: Created slice user-0.slice.
May  1 12:20:01 aphkrsws7 systemd: Starting user-0.slice.
May  1 12:20:01 aphkrsws7 systemd: Started Session 3052 of user root.
May  1 12:20:01 aphkrsws7 systemd: Starting Session 3052 of user root.
May  1 12:20:01 aphkrsws7 systemd: Started Session 3051 of user root.
May  1 12:20:01 aphkrsws7 systemd: Starting Session 3051 of user root.
May  1 12:20:11 aphkrsws7 systemd: Removed slice user-0.slice.
May  1 12:20:11 aphkrsws7 systemd: Stopping user-0.slice.
May  1 12:30:01 aphkrsws7 systemd: Created slice user-0.slice.
May  1 12:30:01 aphkrsws7 systemd: Starting user-0.slice.
May  1 12:30:01 aphkrsws7 systemd: Started Session 3054 of user root.
May  1 12:30:01 aphkrsws7 systemd: Starting Session 3054 of user root.
May  1 12:30:01 aphkrsws7 systemd: Started Session 3053 of user root.
May  1 12:30:01 aphkrsws7 systemd: Starting Session 3053 of user root.
May  1 12:30:11 aphkrsws7 systemd: Removed slice user-0.slice.
May  1 12:30:11 aphkrsws7 systemd: Stopping user-0.slice.
May  1 12:40:01 aphkrsws7 systemd: Created slice user-0.slice.
May  1 12:40:01 aphkrsws7 systemd: Starting user-0.slice.
May  1 12:40:01 aphkrsws7 systemd: Started Session 3056 of user root.
May  1 12:40:01 aphkrsws7 systemd: Starting Session 3056 of user root.
May  1 12:40:01 aphkrsws7 systemd: Started Session 3055 of user root.
May  1 12:40:01 aphkrsws7 systemd: Starting Session 3055 of user root.
May  1 12:40:12 aphkrsws7 systemd: Removed slice user-0.slice.
May  1 12:40:12 aphkrsws7 systemd: Stopping user-0.slice.
May  1 12:50:01 aphkrsws7 systemd: Created slice user-0.slice.
May  1 12:50:01 aphkrsws7 systemd: Starting user-0.slice.
May  1 12:50:01 aphkrsws7 systemd: Started Session 3058 of user root.
May  1 12:50:01 aphkrsws7 systemd: Starting Session 3058 of user root.
May  1 12:50:01 aphkrsws7 systemd: Started Session 3057 of user root.
May  1 12:50:01 aphkrsws7 systemd: Starting Session 3057 of user root.
May  1 12:50:11 aphkrsws7 systemd: Removed slice user-0.slice.
May  1 12:50:11 aphkrsws7 systemd: Stopping user-0.slice.
May  1 13:00:01 aphkrsws7 systemd: Created slice user-0.slice.
May  1 13:00:01 aphkrsws7 systemd: Starting user-0.slice.
May  1 13:00:01 aphkrsws7 systemd: Started Session 3060 of user root.
May  1 13:00:01 aphkrsws7 systemd: Starting Session 3060 of user root.
May  1 13:00:01 aphkrsws7 systemd: Started Session 3059 of user root.
May  1 13:00:01 aphkrsws7 systemd: Starting Session 3059 of user root.
May  1 13:00:11 aphkrsws7 systemd: Removed slice user-0.slice.
May  1 13:00:11 aphkrsws7 systemd: Stopping user-0.slice.
May  1 13:01:01 aphkrsws7 systemd: Created slice user-0.slice.
May  1 13:01:01 aphkrsws7 systemd: Starting user-0.slice.
May  1 13:01:01 aphkrsws7 systemd: Started Session 3061 of user root.
May  1 13:01:01 aphkrsws7 systemd: Starting Session 3061 of user root.
May  1 13:04:48 aphkrsws7 systemd: Removed slice user-0.slice.
May  1 13:04:48 aphkrsws7 systemd: Stopping user-0.slice.
May  1 13:10:01 aphkrsws7 systemd: Created slice user-0.slice.
May  1 13:10:01 aphkrsws7 systemd: Starting user-0.slice.
May  1 13:10:01 aphkrsws7 systemd: Started Session 3062 of user root.
May  1 13:10:01 aphkrsws7 systemd: Starting Session 3062 of user root.
May  1 13:10:01 aphkrsws7 systemd: Started Session 3063 of user root.
May  1 13:10:01 aphkrsws7 systemd: Starting Session 3063 of user root.
May  1 13:10:11 aphkrsws7 systemd: Removed slice user-0.slice.
May  1 13:10:11 aphkrsws7 systemd: Stopping user-0.slice.
May  1 13:20:01 aphkrsws7 systemd: Created slice user-0.slice.
May  1 13:20:01 aphkrsws7 systemd: Starting user-0.slice.
May  1 13:20:01 aphkrsws7 systemd: Started Session 3065 of user root.
May  1 13:20:01 aphkrsws7 systemd: Starting Session 3065 of user root.
May  1 13:20:01 aphkrsws7 systemd: Started Session 3064 of user root.
May  1 13:20:01 aphkrsws7 systemd: Starting Session 3064 of user root.
May  1 13:20:11 aphkrsws7 systemd: Removed slice user-0.slice.
May  1 13:20:11 aphkrsws7 systemd: Stopping user-0.slice.
May  1 13:30:01 aphkrsws7 systemd: Created slice user-0.slice.
May  1 13:30:01 aphkrsws7 systemd: Starting user-0.slice.
May  1 13:30:01 aphkrsws7 systemd: Started Session 3067 of user root.
May  1 13:30:01 aphkrsws7 systemd: Starting Session 3067 of user root.
May  1 13:30:01 aphkrsws7 systemd: Started Session 3066 of user root.
May  1 13:30:01 aphkrsws7 systemd: Starting Session 3066 of user root.
May  1 13:30:12 aphkrsws7 systemd: Removed slice user-0.slice.
May  1 13:30:12 aphkrsws7 systemd: Stopping user-0.slice.
May  1 13:40:01 aphkrsws7 systemd: Created slice user-0.slice.
May  1 13:40:01 aphkrsws7 systemd: Starting user-0.slice.
May  1 13:40:01 aphkrsws7 systemd: Started Session 3069 of user root.
May  1 13:40:01 aphkrsws7 systemd: Starting Session 3069 of user root.
May  1 13:40:01 aphkrsws7 systemd: Started Session 3068 of user root.
May  1 13:40:01 aphkrsws7 systemd: Starting Session 3068 of user root.
May  1 13:40:11 aphkrsws7 systemd: Removed slice user-0.slice.
May  1 13:40:11 aphkrsws7 systemd: Stopping user-0.slice.
May  1 13:50:01 aphkrsws7 systemd: Created slice user-0.slice.
May  1 13:50:01 aphkrsws7 systemd: Starting user-0.slice.
May  1 13:50:01 aphkrsws7 systemd: Started Session 3071 of user root.
May  1 13:50:01 aphkrsws7 systemd: Starting Session 3071 of user root.
May  1 13:50:01 aphkrsws7 systemd: Started Session 3070 of user root.
May  1 13:50:01 aphkrsws7 systemd: Starting Session 3070 of user root.
May  1 13:50:11 aphkrsws7 systemd: Removed slice user-0.slice.
May  1 13:50:11 aphkrsws7 systemd: Stopping user-0.slice.
May  1 14:00:01 aphkrsws7 systemd: Created slice user-0.slice.
May  1 14:00:01 aphkrsws7 systemd: Starting user-0.slice.
May  1 14:00:01 aphkrsws7 systemd: Started Session 3072 of user root.
May  1 14:00:01 aphkrsws7 systemd: Starting Session 3072 of user root.
May  1 14:00:01 aphkrsws7 systemd: Started Session 3073 of user root.
May  1 14:00:01 aphkrsws7 systemd: Starting Session 3073 of user root.
May  1 14:00:11 aphkrsws7 systemd: Removed slice user-0.slice.
May  1 14:00:11 aphkrsws7 systemd: Stopping user-0.slice.
May  1 14:01:02 aphkrsws7 systemd: Created slice user-0.slice.
May  1 14:01:02 aphkrsws7 systemd: Starting user-0.slice.
May  1 14:01:02 aphkrsws7 systemd: Started Session 3074 of user root.
May  1 14:01:02 aphkrsws7 systemd: Starting Session 3074 of user root.
May  1 14:10:02 aphkrsws7 systemd: Started Session 3076 of user root.
May  1 14:10:02 aphkrsws7 systemd: Starting Session 3076 of user root.
May  1 14:10:02 aphkrsws7 systemd: Started Session 3075 of user root.
May  1 14:10:02 aphkrsws7 systemd: Starting Session 3075 of user root.
May  1 14:16:00 aphkrsws7 kernel: mysqld invoked oom-killer: gfp_mask=0x201da, order=0, oom_score_adj=0
May  1 14:16:00 aphkrsws7 kernel: mysqld cpuset=/ mems_allowed=0
May  1 14:16:00 aphkrsws7 kernel: CPU: 0 PID: 21159 Comm: mysqld Not tainted 3.10.0-514.6.1.el7.x86_64 #1
May  1 14:16:00 aphkrsws7 kernel: Hardware name: Xen HVM domU, BIOS 4.1.5 11/28/2013
May  1 14:16:00 aphkrsws7 kernel: ffff880036c6de20 00000000cc8293c0 ffff88003c443938 ffffffff816862ac
May  1 14:16:00 aphkrsws7 kernel: ffff88003c4439c8 ffffffff81681257 ffffffff810eab9c ffff88003bc3ba60
May  1 14:16:00 aphkrsws7 kernel: ffff88003bc3ba78 0000000000000206 ffff880036c6de20 ffff88003c4439b8
May  1 14:16:00 aphkrsws7 kernel: Call Trace:
May  1 14:16:00 aphkrsws7 kernel: [<ffffffff816862ac>] dump_stack+0x19/0x1b
May  1 14:16:00 aphkrsws7 kernel: [<ffffffff81681257>] dump_header+0x8e/0x225
May  1 14:16:00 aphkrsws7 kernel: [<ffffffff810eab9c>] ? ktime_get_ts64+0x4c/0xf0
May  1 14:16:00 aphkrsws7 kernel: [<ffffffff8113ccaf>] ? delayacct_end+0x8f/0xb0
May  1 14:16:00 aphkrsws7 kernel: [<ffffffff8118475e>] oom_kill_process+0x24e/0x3c0
May  1 14:16:00 aphkrsws7 kernel: [<ffffffff811841fd>] ? oom_unkillable_task+0xcd/0x120
May  1 14:16:00 aphkrsws7 kernel: [<ffffffff811842a6>] ? find_lock_task_mm+0x56/0xc0
May  1 14:16:00 aphkrsws7 kernel: [<ffffffff810937ee>] ? has_capability_noaudit+0x1e/0x30
May  1 14:16:00 aphkrsws7 kernel: [<ffffffff81184f96>] out_of_memory+0x4b6/0x4f0
May  1 14:16:00 aphkrsws7 kernel: [<ffffffff81681d60>] __alloc_pages_slowpath+0x5d7/0x725
May  1 14:16:00 aphkrsws7 kernel: [<ffffffff8118b0a5>] __alloc_pages_nodemask+0x405/0x420
May  1 14:16:00 aphkrsws7 kernel: [<ffffffff811cf25a>] alloc_pages_current+0xaa/0x170
May  1 14:16:00 aphkrsws7 kernel: [<ffffffff81180667>] __page_cache_alloc+0x97/0xb0
May  1 14:16:00 aphkrsws7 kernel: [<ffffffff811831b0>] filemap_fault+0x170/0x410
May  1 14:16:00 aphkrsws7 kernel: [<ffffffffa019f016>] ext4_filemap_fault+0x36/0x50 [ext4]
May  1 14:16:00 aphkrsws7 kernel: [<ffffffff811ac2ec>] __do_fault+0x4c/0xc0
May  1 14:16:00 aphkrsws7 kernel: [<ffffffff811ac783>] do_read_fault.isra.42+0x43/0x130
May  1 14:16:00 aphkrsws7 kernel: [<ffffffff811b0f11>] handle_mm_fault+0x6b1/0xfe0
May  1 14:16:00 aphkrsws7 kernel: [<ffffffff810b14e6>] ? finish_wait+0x56/0x70
May  1 14:16:00 aphkrsws7 kernel: [<ffffffff81691d94>] __do_page_fault+0x154/0x450
May  1 14:16:00 aphkrsws7 kernel: [<ffffffff816920c5>] do_page_fault+0x35/0x90
May  1 14:16:00 aphkrsws7 kernel: [<ffffffff8168e388>] page_fault+0x28/0x30
May  1 14:16:00 aphkrsws7 kernel: Mem-Info:
May  1 14:16:00 aphkrsws7 kernel: active_anon:209504 inactive_anon:10050 isolated_anon:0#012 active_file:177 inactive_file:2279 isolated_file:0#012 unevictable:0 dirty:0 writeback:0 unstable:0#012 slab_reclaimable:4667 slab_unreclaimable:4625#012 mapped:1387 shmem:14656 pagetables:3688 bounce:0#012 free:12231 free_pcp:30 free_cma:0
May  1 14:16:00 aphkrsws7 kernel: Node 0 DMA free:4584kB min:708kB low:884kB high:1060kB active_anon:10012kB inactive_anon:472kB active_file:8kB inactive_file:232kB unevictable:0kB isolated(anon):0kB isolated(file):0kB present:15988kB managed:15904kB mlocked:0kB dirty:0kB writeback:0kB mapped:152kB shmem:1136kB slab_reclaimable:180kB slab_unreclaimable:140kB kernel_stack:0kB pagetables:68kB unstable:0kB bounce:0kB free_pcp:0kB local_pcp:0kB free_cma:0kB writeback_tmp:0kB pages_scanned:1000 all_unreclaimable? yes
May  1 14:16:00 aphkrsws7 kernel: lowmem_reserve[]: 0 970 970 970
May  1 14:16:00 aphkrsws7 kernel: Node 0 DMA32 free:44340kB min:44344kB low:55428kB high:66516kB active_anon:828004kB inactive_anon:39728kB active_file:700kB inactive_file:8884kB unevictable:0kB isolated(anon):0kB isolated(file):0kB present:1028096kB managed:994980kB mlocked:0kB dirty:0kB writeback:0kB mapped:5396kB shmem:57488kB slab_reclaimable:18488kB slab_unreclaimable:18360kB kernel_stack:2464kB pagetables:14684kB unstable:0kB bounce:0kB free_pcp:120kB local_pcp:120kB free_cma:0kB writeback_tmp:0kB pages_scanned:7973 all_unreclaimable? yes
May  1 14:16:00 aphkrsws7 kernel: lowmem_reserve[]: 0 0 0 0
May  1 14:16:00 aphkrsws7 kernel: Node 0 DMA: 9*4kB (UEM) 19*8kB (UEM) 13*16kB (UEM) 7*32kB (UE) 4*64kB (UE) 1*128kB (U) 0*256kB 3*512kB (UEM) 2*1024kB (EM) 0*2048kB 0*4096kB = 4588kB
May  1 14:16:00 aphkrsws7 kernel: Node 0 DMA32: 253*4kB (UE) 204*8kB (UEM) 292*16kB (UE) 283*32kB (UE) 165*64kB (UEM) 56*128kB (UEM) 24*256kB (UE) 2*512kB (EM) 1*1024kB (U) 1*2048kB (E) 0*4096kB = 44340kB
May  1 14:16:00 aphkrsws7 kernel: Node 0 hugepages_total=0 hugepages_free=0 hugepages_surp=0 hugepages_size=2048kB
May  1 14:16:00 aphkrsws7 kernel: 17115 total pagecache pages
May  1 14:16:00 aphkrsws7 kernel: 0 pages in swap cache
May  1 14:16:00 aphkrsws7 kernel: Swap cache stats: add 0, delete 0, find 0/0
May  1 14:16:00 aphkrsws7 kernel: Free swap  = 0kB
May  1 14:16:00 aphkrsws7 kernel: Total swap = 0kB
May  1 14:16:00 aphkrsws7 kernel: 261021 pages RAM
May  1 14:16:00 aphkrsws7 kernel: 0 pages HighMem/MovableOnly
May  1 14:16:00 aphkrsws7 kernel: 8300 pages reserved
May  1 14:16:00 aphkrsws7 kernel: [ pid ]   uid  tgid total_vm      rss nr_ptes swapents oom_score_adj name
May  1 14:16:00 aphkrsws7 kernel: [  333]     0   333     8835      723      20        0             0 systemd-journal
May  1 14:16:00 aphkrsws7 kernel: [  463]     0   463     6180      198      17        0             0 systemd-logind
May  1 14:16:00 aphkrsws7 kernel: [  464]     0   464    53166      431      57        0             0 abrtd
May  1 14:16:00 aphkrsws7 kernel: [  468]    81   468     6195      192      18        0          -900 dbus-daemon
May  1 14:16:00 aphkrsws7 kernel: [  471]     0   471    52566      340      56        0             0 abrt-watch-log
May  1 14:16:00 aphkrsws7 kernel: [  479]   997   479     2131       37       8        0             0 lsmd
May  1 14:16:00 aphkrsws7 kernel: [  492]     0   492     6071      126      16        0             0 smartd
May  1 14:16:00 aphkrsws7 kernel: [  505]     0   505     6461       52      15        0             0 atd
May  1 14:16:00 aphkrsws7 kernel: [  529]     0   529    27509       34      10        0             0 agetty
May  1 14:16:00 aphkrsws7 kernel: [  736]     0   736     2941       84      11        0             0 xe-daemon
May  1 14:16:00 aphkrsws7 kernel: [  737]     0   737    70637     1487      62        0             0 nova-agent
May  1 14:16:00 aphkrsws7 kernel: [ 1161]     0  1161    22245      258      42        0             0 master
May  1 14:16:00 aphkrsws7 kernel: [ 1169]    89  1169    22314      263      41        0             0 qmgr
May  1 14:16:00 aphkrsws7 kernel: [10011]     0 10011   109722     3677      46        0             0 rackspace-monit
May  1 14:16:00 aphkrsws7 kernel: [10384]     0 10384    67649      974      59        0             0 rsyslogd
May  1 14:16:00 aphkrsws7 kernel: [10417]    38 10417     7352      151      18        0             0 ntpd
May  1 14:16:00 aphkrsws7 kernel: [22043]     0 22043    10875      127      21        0         -1000 systemd-udevd
May  1 14:16:00 aphkrsws7 kernel: [22458]     0 22458    26370      246      54        0         -1000 sshd
May  1 14:16:00 aphkrsws7 kernel: [22532]     0 22532    82934     6165      84        0             0 firewalld
May  1 14:16:00 aphkrsws7 kernel: [22560]     0 22560   112395     3878     104        0             0 fail2ban-server
May  1 14:16:00 aphkrsws7 kernel: [22645]     0 22645    13854      112      26        0         -1000 auditd
May  1 14:16:00 aphkrsws7 kernel: [22740]   998 22740   132068     1833      53        0             0 polkitd
May  1 14:16:00 aphkrsws7 kernel: [22762]     0 22762   138290     2667      90        0             0 tuned
May  1 14:16:00 aphkrsws7 kernel: [26034]     0 26034    11290       75      25        0             0 lvmetad
May  1 14:16:00 aphkrsws7 kernel: [21047]     0 21047    99740     2175     189        0             0 httpd
May  1 14:16:00 aphkrsws7 kernel: [29364]     0 29364    31555      157      20        0             0 crond
May  1 14:16:00 aphkrsws7 kernel: [11904]     0 11904    84904     3401     112        0             0 python
May  1 14:16:00 aphkrsws7 kernel: [11974]     0 11974   187759     6796      61        0             0 driveclient
May  1 14:16:00 aphkrsws7 kernel: [21151]   995 21151   194452    29139     128        0             0 mysqld
May  1 14:16:00 aphkrsws7 kernel: [21615]     0 21615    67756     1383     130        0             0 httpd
May  1 14:16:00 aphkrsws7 kernel: [21617]    48 21617   132238    12803     220        0             0 httpd
May  1 14:16:00 aphkrsws7 kernel: [21618]    48 21618   132265    12835     220        0             0 httpd
May  1 14:16:00 aphkrsws7 kernel: [21619]    48 21619   132400    12952     220        0             0 httpd
May  1 14:16:00 aphkrsws7 kernel: [21620]    48 21620   111131    12867     211        0             0 httpd
May  1 14:16:00 aphkrsws7 kernel: [21621]    48 21621   110295    12588     209        0             0 httpd
May  1 14:16:00 aphkrsws7 kernel: [23992]    48 23992   110951    12741     211        0             0 httpd
May  1 14:16:00 aphkrsws7 kernel: [26915]    48 26915   132329    12901     220        0             0 httpd
May  1 14:16:00 aphkrsws7 kernel: [26997]    48 26997   111129    12798     211        0             0 httpd
May  1 14:16:00 aphkrsws7 kernel: [ 3631]    89  3631    22449      272      44        0             0 pickup
May  1 14:16:00 aphkrsws7 kernel: [ 3750]     0  3750    44529      229      44        0             0 crond
May  1 14:16:00 aphkrsws7 kernel: [ 3751]     0  3751    28280       53      14        0             0 run-parts
May  1 14:16:00 aphkrsws7 kernel: [ 3763]     0  3763   238353    46640     223        0             0 yum-cron
May  1 14:16:00 aphkrsws7 kernel: [ 3764]     0  3764    28371       36      13        0             0 awk
May  1 14:16:00 aphkrsws7 kernel: [ 4203]     0  4203     1077       17       8        0             0 sleep
May  1 14:16:00 aphkrsws7 kernel: Out of memory: Kill process 3763 (yum-cron) score 179 or sacrifice child
May  1 14:16:00 aphkrsws7 kernel: Killed process 3763 (yum-cron) total-vm:953412kB, anon-rss:186560kB, file-rss:0kB, shmem-rss:0kB
May  1 14:16:00 aphkrsws7 systemd: Removed slice user-0.slice.
May  1 14:16:00 aphkrsws7 systemd: Stopping user-0.slice.
May  1 14:20:01 aphkrsws7 systemd: Created slice user-0.slice.
May  1 14:20:01 aphkrsws7 systemd: Starting user-0.slice.
May  1 14:20:01 aphkrsws7 systemd: Started Session 3077 of user root.
May  1 14:20:01 aphkrsws7 systemd: Starting Session 3077 of user root.
May  1 14:20:01 aphkrsws7 systemd: Started Session 3078 of user root.
May  1 14:20:01 aphkrsws7 systemd: Starting Session 3078 of user root.
May  1 14:20:12 aphkrsws7 systemd: Removed slice user-0.slice.
May  1 14:20:12 aphkrsws7 systemd: Stopping user-0.slice.
May  1 14:30:01 aphkrsws7 systemd: Created slice user-0.slice.
May  1 14:30:01 aphkrsws7 systemd: Starting user-0.slice.
May  1 14:30:01 aphkrsws7 systemd: Started Session 3080 of user root.
May  1 14:30:01 aphkrsws7 systemd: Starting Session 3080 of user root.
May  1 14:30:01 aphkrsws7 systemd: Started Session 3079 of user root.
May  1 14:30:01 aphkrsws7 systemd: Starting Session 3079 of user root.
May  1 14:30:11 aphkrsws7 systemd: Removed slice user-0.slice.
May  1 14:30:11 aphkrsws7 systemd: Stopping user-0.slice.
May  1 14:40:01 aphkrsws7 systemd: Created slice user-0.slice.
May  1 14:40:01 aphkrsws7 systemd: Starting user-0.slice.
May  1 14:40:01 aphkrsws7 systemd: Started Session 3082 of user root.
May  1 14:40:01 aphkrsws7 systemd: Starting Session 3082 of user root.
May  1 14:40:01 aphkrsws7 systemd: Started Session 3081 of user root.
May  1 14:40:01 aphkrsws7 systemd: Starting Session 3081 of user root.
May  1 14:40:11 aphkrsws7 systemd: Removed slice user-0.slice.
May  1 14:40:11 aphkrsws7 systemd: Stopping user-0.slice.
May  1 14:50:01 aphkrsws7 systemd: Created slice user-0.slice.
May  1 14:50:01 aphkrsws7 systemd: Starting user-0.slice.
May  1 14:50:01 aphkrsws7 systemd: Started Session 3084 of user root.
May  1 14:50:01 aphkrsws7 systemd: Starting Session 3084 of user root.
May  1 14:50:01 aphkrsws7 systemd: Started Session 3083 of user root.
May  1 14:50:01 aphkrsws7 systemd: Starting Session 3083 of user root.
May  1 14:50:12 aphkrsws7 systemd: Removed slice user-0.slice.
May  1 14:50:12 aphkrsws7 systemd: Stopping user-0.slice.
May  1 15:00:01 aphkrsws7 systemd: Created slice user-0.slice.
May  1 15:00:01 aphkrsws7 systemd: Starting user-0.slice.
May  1 15:00:01 aphkrsws7 systemd: Started Session 3086 of user root.
May  1 15:00:01 aphkrsws7 systemd: Starting Session 3086 of user root.
May  1 15:00:01 aphkrsws7 systemd: Started Session 3085 of user root.
May  1 15:00:01 aphkrsws7 systemd: Starting Session 3085 of user root.
May  1 15:00:11 aphkrsws7 systemd: Removed slice user-0.slice.
May  1 15:00:11 aphkrsws7 systemd: Stopping user-0.slice.
May  1 15:01:01 aphkrsws7 systemd: Created slice user-0.slice.
May  1 15:01:01 aphkrsws7 systemd: Starting user-0.slice.
May  1 15:01:01 aphkrsws7 systemd: Started Session 3087 of user root.
May  1 15:01:01 aphkrsws7 systemd: Starting Session 3087 of user root.
May  1 15:10:01 aphkrsws7 systemd: Started Session 3089 of user root.
May  1 15:10:01 aphkrsws7 systemd: Starting Session 3089 of user root.
May  1 15:10:01 aphkrsws7 systemd: Started Session 3088 of user root.
May  1 15:10:01 aphkrsws7 systemd: Starting Session 3088 of user root.
May  1 15:12:07 aphkrsws7 kernel: yum-cron invoked oom-killer: gfp_mask=0x280da, order=0, oom_score_adj=0
May  1 15:12:07 aphkrsws7 kernel: yum-cron cpuset=/ mems_allowed=0
May  1 15:12:07 aphkrsws7 kernel: CPU: 0 PID: 5683 Comm: yum-cron Not tainted 3.10.0-514.6.1.el7.x86_64 #1
May  1 15:12:07 aphkrsws7 kernel: Hardware name: Xen HVM domU, BIOS 4.1.5 11/28/2013
May  1 15:12:07 aphkrsws7 kernel: ffff88003a319f60 00000000609bcaa4 ffff88003b2dba78 ffffffff816862ac
May  1 15:12:07 aphkrsws7 kernel: ffff88003b2dbb08 ffffffff81681257 ffffffff810eab9c ffff88003bc3b6e0
May  1 15:12:07 aphkrsws7 kernel: ffff88003bc3b6f8 0000000000000206 ffff88003a319f60 ffff88003b2dbaf8
May  1 15:12:07 aphkrsws7 kernel: Call Trace:
May  1 15:12:07 aphkrsws7 kernel: [<ffffffff816862ac>] dump_stack+0x19/0x1b
May  1 15:12:07 aphkrsws7 kernel: [<ffffffff81681257>] dump_header+0x8e/0x225
May  1 15:12:07 aphkrsws7 kernel: [<ffffffff810eab9c>] ? ktime_get_ts64+0x4c/0xf0
May  1 15:12:07 aphkrsws7 kernel: [<ffffffff8113ccaf>] ? delayacct_end+0x8f/0xb0
May  1 15:12:07 aphkrsws7 kernel: [<ffffffff8118475e>] oom_kill_process+0x24e/0x3c0
May  1 15:12:07 aphkrsws7 kernel: [<ffffffff811841fd>] ? oom_unkillable_task+0xcd/0x120
May  1 15:12:07 aphkrsws7 kernel: [<ffffffff811842a6>] ? find_lock_task_mm+0x56/0xc0
May  1 15:12:07 aphkrsws7 kernel: [<ffffffff810937ee>] ? has_capability_noaudit+0x1e/0x30
May  1 15:12:07 aphkrsws7 kernel: [<ffffffff81184f96>] out_of_memory+0x4b6/0x4f0
May  1 15:12:07 aphkrsws7 kernel: [<ffffffff81681d60>] __alloc_pages_slowpath+0x5d7/0x725
May  1 15:12:07 aphkrsws7 kernel: [<ffffffff8118b0a5>] __alloc_pages_nodemask+0x405/0x420
May  1 15:12:07 aphkrsws7 kernel: [<ffffffff811d220a>] alloc_pages_vma+0x9a/0x150
May  1 15:12:07 aphkrsws7 kernel: [<ffffffff811b14cf>] handle_mm_fault+0xc6f/0xfe0
May  1 15:12:07 aphkrsws7 kernel: [<ffffffff81691d94>] __do_page_fault+0x154/0x450
May  1 15:12:07 aphkrsws7 kernel: [<ffffffff816920c5>] do_page_fault+0x35/0x90
May  1 15:12:07 aphkrsws7 kernel: [<ffffffff8168e388>] page_fault+0x28/0x30
May  1 15:12:07 aphkrsws7 kernel: Mem-Info:
May  1 15:12:07 aphkrsws7 kernel: active_anon:209216 inactive_anon:10050 isolated_anon:0#012 active_file:35 inactive_file:538 isolated_file:0#012 unevictable:0 dirty:4 writeback:0 unstable:0#012 slab_reclaimable:4650 slab_unreclaimable:4625#012 mapped:1390 shmem:14656 pagetables:3684 bounce:0#012 free:14448 free_pcp:14 free_cma:0
May  1 15:12:07 aphkrsws7 kernel: Node 0 DMA free:4728kB min:708kB low:884kB high:1060kB active_anon:10088kB inactive_anon:472kB active_file:0kB inactive_file:0kB unevictable:0kB isolated(anon):0kB isolated(file):0kB present:15988kB managed:15904kB mlocked:0kB dirty:0kB writeback:0kB mapped:156kB shmem:1136kB slab_reclaimable:176kB slab_unreclaimable:140kB kernel_stack:0kB pagetables:88kB unstable:0kB bounce:0kB free_pcp:0kB local_pcp:0kB free_cma:0kB writeback_tmp:0kB pages_scanned:1 all_unreclaimable? yes
May  1 15:12:07 aphkrsws7 kernel: lowmem_reserve[]: 0 970 970 970
May  1 15:12:07 aphkrsws7 kernel: Node 0 DMA32 free:53064kB min:44344kB low:55428kB high:66516kB active_anon:826776kB inactive_anon:39728kB active_file:140kB inactive_file:2152kB unevictable:0kB isolated(anon):0kB isolated(file):0kB present:1028096kB managed:994980kB mlocked:0kB dirty:16kB writeback:0kB mapped:5404kB shmem:57488kB slab_reclaimable:18424kB slab_unreclaimable:18360kB kernel_stack:2480kB pagetables:14648kB unstable:0kB bounce:0kB free_pcp:56kB local_pcp:56kB free_cma:0kB writeback_tmp:0kB pages_scanned:393 all_unreclaimable? yes
May  1 15:12:07 aphkrsws7 kernel: lowmem_reserve[]: 0 0 0 0
May  1 15:12:07 aphkrsws7 kernel: Node 0 DMA: 18*4kB (UEM) 26*8kB (UEM) 14*16kB (UEM) 8*32kB (UEM) 4*64kB (UE) 1*128kB (U) 0*256kB 3*512kB (UEM) 2*1024kB (EM) 0*2048kB 0*4096kB = 4728kB
May  1 15:12:07 aphkrsws7 kernel: Node 0 DMA32: 506*4kB (UEM) 424*8kB (UEM) 322*16kB (UEM) 294*32kB (UEM) 173*64kB (UEM) 58*128kB (UEM) 29*256kB (UEM) 8*512kB (EM) 1*1024kB (U) 1*2048kB (E) 0*4096kB = 53064kB
May  1 15:12:07 aphkrsws7 kernel: Node 0 hugepages_total=0 hugepages_free=0 hugepages_surp=0 hugepages_size=2048kB
May  1 15:12:07 aphkrsws7 kernel: 15228 total pagecache pages
May  1 15:12:07 aphkrsws7 kernel: 0 pages in swap cache
May  1 15:12:07 aphkrsws7 kernel: Swap cache stats: add 0, delete 0, find 0/0
May  1 15:12:07 aphkrsws7 kernel: Free swap  = 0kB
May  1 15:12:07 aphkrsws7 kernel: Total swap = 0kB
May  1 15:12:07 aphkrsws7 kernel: 261021 pages RAM
May  1 15:12:07 aphkrsws7 kernel: 0 pages HighMem/MovableOnly
May  1 15:12:07 aphkrsws7 kernel: 8300 pages reserved
May  1 15:12:07 aphkrsws7 kernel: [ pid ]   uid  tgid total_vm      rss nr_ptes swapents oom_score_adj name
May  1 15:12:07 aphkrsws7 kernel: [  333]     0   333     8835      779      20        0             0 systemd-journal
May  1 15:12:07 aphkrsws7 kernel: [  463]     0   463     6180      200      17        0             0 systemd-logind
May  1 15:12:07 aphkrsws7 kernel: [  464]     0   464    53166      431      57        0             0 abrtd
May  1 15:12:07 aphkrsws7 kernel: [  468]    81   468     6195      192      18        0          -900 dbus-daemon
May  1 15:12:07 aphkrsws7 kernel: [  471]     0   471    52566      340      56        0             0 abrt-watch-log
May  1 15:12:07 aphkrsws7 kernel: [  479]   997   479     2131       37       8        0             0 lsmd
May  1 15:12:07 aphkrsws7 kernel: [  492]     0   492     6071      126      16        0             0 smartd
May  1 15:12:07 aphkrsws7 kernel: [  505]     0   505     6461       52      15        0             0 atd
May  1 15:12:07 aphkrsws7 kernel: [  529]     0   529    27509       34      10        0             0 agetty
May  1 15:12:07 aphkrsws7 kernel: [  736]     0   736     2941       85      11        0             0 xe-daemon
May  1 15:12:07 aphkrsws7 kernel: [  737]     0   737    70637     1487      62        0             0 nova-agent
May  1 15:12:07 aphkrsws7 kernel: [ 1161]     0  1161    22245      259      42        0             0 master
May  1 15:12:07 aphkrsws7 kernel: [ 1169]    89  1169    22314      263      41        0             0 qmgr
May  1 15:12:07 aphkrsws7 kernel: [10011]     0 10011   109820     3719      46        0             0 rackspace-monit
May  1 15:12:07 aphkrsws7 kernel: [10384]     0 10384    67649     1021      60        0             0 rsyslogd
May  1 15:12:07 aphkrsws7 kernel: [10417]    38 10417     7352      153      18        0             0 ntpd
May  1 15:12:07 aphkrsws7 kernel: [22043]     0 22043    10875      127      21        0         -1000 systemd-udevd
May  1 15:12:07 aphkrsws7 kernel: [22458]     0 22458    26370      248      54        0         -1000 sshd
May  1 15:12:07 aphkrsws7 kernel: [22532]     0 22532    82934     6165      84        0             0 firewalld
May  1 15:12:07 aphkrsws7 kernel: [22560]     0 22560   112395     3910     104        0             0 fail2ban-server
May  1 15:12:07 aphkrsws7 kernel: [22645]     0 22645    13854      112      26        0         -1000 auditd
May  1 15:12:07 aphkrsws7 kernel: [22740]   998 22740   132068     1833      53        0             0 polkitd
May  1 15:12:07 aphkrsws7 kernel: [22762]     0 22762   138290     2667      90        0             0 tuned
May  1 15:12:07 aphkrsws7 kernel: [26034]     0 26034    11290       75      25        0             0 lvmetad
May  1 15:12:07 aphkrsws7 kernel: [21047]     0 21047    99740     2175     189        0             0 httpd
May  1 15:12:07 aphkrsws7 kernel: [29364]     0 29364    31555      159      20        0             0 crond
May  1 15:12:07 aphkrsws7 kernel: [11904]     0 11904    84904     3401     112        0             0 python
May  1 15:12:07 aphkrsws7 kernel: [11974]     0 11974   187759     6796      61        0             0 driveclient
May  1 15:12:07 aphkrsws7 kernel: [21151]   995 21151   194452    29139     128        0             0 mysqld
May  1 15:12:07 aphkrsws7 kernel: [21615]     0 21615    67756     1383     130        0             0 httpd
May  1 15:12:07 aphkrsws7 kernel: [21617]    48 21617   132238    12803     220        0             0 httpd
May  1 15:12:07 aphkrsws7 kernel: [21618]    48 21618   132265    12835     220        0             0 httpd
May  1 15:12:07 aphkrsws7 kernel: [21619]    48 21619   132400    12952     220        0             0 httpd
May  1 15:12:07 aphkrsws7 kernel: [21620]    48 21620   111131    12867     211        0             0 httpd
May  1 15:12:07 aphkrsws7 kernel: [21621]    48 21621   110295    12588     209        0             0 httpd
May  1 15:12:07 aphkrsws7 kernel: [23992]    48 23992   110951    12741     211        0             0 httpd
May  1 15:12:07 aphkrsws7 kernel: [26915]    48 26915   132329    12901     220        0             0 httpd
May  1 15:12:07 aphkrsws7 kernel: [26997]    48 26997   111129    12798     211        0             0 httpd
May  1 15:12:07 aphkrsws7 kernel: [ 3631]    89  3631    22449      277      44        0             0 pickup
May  1 15:12:07 aphkrsws7 kernel: [ 5670]     0  5670    44529      229      44        0             0 crond
May  1 15:12:07 aphkrsws7 kernel: [ 5671]     0  5671    28280       55      12        0             0 run-parts
May  1 15:12:07 aphkrsws7 kernel: [ 5683]     0  5683   205251    46248     221        0             0 yum-cron
May  1 15:12:07 aphkrsws7 kernel: [ 5684]     0  5684    28371       36      13        0             0 awk
May  1 15:12:07 aphkrsws7 kernel: [ 6022]     0  6022     1077       17       8        0             0 sleep
May  1 15:12:07 aphkrsws7 kernel: Out of memory: Kill process 5683 (yum-cron) score 178 or sacrifice child
May  1 15:12:07 aphkrsws7 kernel: Killed process 5683 (yum-cron) total-vm:821004kB, anon-rss:184972kB, file-rss:20kB, shmem-rss:0kB
May  1 15:12:07 aphkrsws7 systemd: Removed slice user-0.slice.
May  1 15:12:07 aphkrsws7 systemd: Stopping user-0.slice.
May  1 15:20:01 aphkrsws7 systemd: Created slice user-0.slice.
May  1 15:20:01 aphkrsws7 systemd: Starting user-0.slice.
May  1 15:20:01 aphkrsws7 systemd: Started Session 3091 of user root.
May  1 15:20:01 aphkrsws7 systemd: Starting Session 3091 of user root.
May  1 15:20:01 aphkrsws7 systemd: Started Session 3090 of user root.
May  1 15:20:01 aphkrsws7 systemd: Starting Session 3090 of user root.
May  1 15:20:11 aphkrsws7 systemd: Removed slice user-0.slice.
May  1 15:20:11 aphkrsws7 systemd: Stopping user-0.slice.
May  1 15:30:01 aphkrsws7 systemd: Created slice user-0.slice.
May  1 15:30:01 aphkrsws7 systemd: Starting user-0.slice.
May  1 15:30:01 aphkrsws7 systemd: Started Session 3093 of user root.
May  1 15:30:01 aphkrsws7 systemd: Starting Session 3093 of user root.
May  1 15:30:01 aphkrsws7 systemd: Started Session 3092 of user root.
May  1 15:30:01 aphkrsws7 systemd: Starting Session 3092 of user root.
May  1 15:30:11 aphkrsws7 systemd: Removed slice user-0.slice.
May  1 15:30:11 aphkrsws7 systemd: Stopping user-0.slice.
May  1 15:40:01 aphkrsws7 systemd: Created slice user-0.slice.
May  1 15:40:01 aphkrsws7 systemd: Starting user-0.slice.
May  1 15:40:01 aphkrsws7 systemd: Started Session 3095 of user root.
May  1 15:40:01 aphkrsws7 systemd: Starting Session 3095 of user root.
May  1 15:40:01 aphkrsws7 systemd: Started Session 3094 of user root.
May  1 15:40:01 aphkrsws7 systemd: Starting Session 3094 of user root.
May  1 15:40:12 aphkrsws7 systemd: Removed slice user-0.slice.
May  1 15:40:12 aphkrsws7 systemd: Stopping user-0.slice.
May  1 15:50:01 aphkrsws7 systemd: Created slice user-0.slice.
May  1 15:50:01 aphkrsws7 systemd: Starting user-0.slice.
May  1 15:50:01 aphkrsws7 systemd: Started Session 3097 of user root.
May  1 15:50:01 aphkrsws7 systemd: Starting Session 3097 of user root.
May  1 15:50:01 aphkrsws7 systemd: Started Session 3096 of user root.
May  1 15:50:01 aphkrsws7 systemd: Starting Session 3096 of user root.
May  1 15:50:11 aphkrsws7 systemd: Removed slice user-0.slice.
May  1 15:50:11 aphkrsws7 systemd: Stopping user-0.slice.
May  1 16:00:01 aphkrsws7 systemd: Created slice user-0.slice.
May  1 16:00:01 aphkrsws7 systemd: Starting user-0.slice.
May  1 16:00:01 aphkrsws7 systemd: Started Session 3099 of user root.
May  1 16:00:01 aphkrsws7 systemd: Starting Session 3099 of user root.
May  1 16:00:01 aphkrsws7 systemd: Started Session 3098 of user root.
May  1 16:00:01 aphkrsws7 systemd: Starting Session 3098 of user root.
May  1 16:00:11 aphkrsws7 systemd: Removed slice user-0.slice.
May  1 16:00:11 aphkrsws7 systemd: Stopping user-0.slice.
May  1 16:01:01 aphkrsws7 systemd: Created slice user-0.slice.
May  1 16:01:01 aphkrsws7 systemd: Starting user-0.slice.
May  1 16:01:01 aphkrsws7 systemd: Started Session 3100 of user root.
May  1 16:01:01 aphkrsws7 systemd: Starting Session 3100 of user root.
May  1 16:04:44 aphkrsws7 kernel: httpd invoked oom-killer: gfp_mask=0x201da, order=0, oom_score_adj=0
May  1 16:04:44 aphkrsws7 kernel: httpd cpuset=/ mems_allowed=0
May  1 16:04:44 aphkrsws7 kernel: CPU: 0 PID: 21047 Comm: httpd Not tainted 3.10.0-514.6.1.el7.x86_64 #1
May  1 16:04:44 aphkrsws7 kernel: Hardware name: Xen HVM domU, BIOS 4.1.5 11/28/2013
May  1 16:04:44 aphkrsws7 kernel: ffff88003bd80000 00000000ddea7a98 ffff88003a3db938 ffffffff816862ac
May  1 16:04:44 aphkrsws7 kernel: ffff88003a3db9c8 ffffffff81681257 ffffffff810eab9c ffff88003be6fd70
May  1 16:04:44 aphkrsws7 kernel: ffff88003be6fd88 0000000000000202 ffff88003a3dba20 ffff88003a3db9b8
May  1 16:04:44 aphkrsws7 kernel: Call Trace:
May  1 16:04:44 aphkrsws7 kernel: [<ffffffff816862ac>] dump_stack+0x19/0x1b
May  1 16:04:44 aphkrsws7 kernel: [<ffffffff81681257>] dump_header+0x8e/0x225
May  1 16:04:44 aphkrsws7 kernel: [<ffffffff810eab9c>] ? ktime_get_ts64+0x4c/0xf0
May  1 16:04:44 aphkrsws7 kernel: [<ffffffff8118475e>] oom_kill_process+0x24e/0x3c0
May  1 16:04:44 aphkrsws7 kernel: [<ffffffff811841fd>] ? oom_unkillable_task+0xcd/0x120
May  1 16:04:44 aphkrsws7 kernel: [<ffffffff811842a6>] ? find_lock_task_mm+0x56/0xc0
May  1 16:04:44 aphkrsws7 kernel: [<ffffffff810937ee>] ? has_capability_noaudit+0x1e/0x30
May  1 16:04:44 aphkrsws7 kernel: [<ffffffff81184f96>] out_of_memory+0x4b6/0x4f0
May  1 16:04:44 aphkrsws7 kernel: [<ffffffff81681d60>] __alloc_pages_slowpath+0x5d7/0x725
May  1 16:04:44 aphkrsws7 kernel: [<ffffffff8118b0a5>] __alloc_pages_nodemask+0x405/0x420
May  1 16:04:44 aphkrsws7 kernel: [<ffffffff811cf25a>] alloc_pages_current+0xaa/0x170
May  1 16:04:44 aphkrsws7 kernel: [<ffffffff81180667>] __page_cache_alloc+0x97/0xb0
May  1 16:04:44 aphkrsws7 kernel: [<ffffffff811831b0>] filemap_fault+0x170/0x410
May  1 16:04:44 aphkrsws7 kernel: [<ffffffffa019f016>] ext4_filemap_fault+0x36/0x50 [ext4]
May  1 16:04:44 aphkrsws7 kernel: [<ffffffff811ac2ec>] __do_fault+0x4c/0xc0
May  1 16:04:44 aphkrsws7 kernel: [<ffffffff811ac783>] do_read_fault.isra.42+0x43/0x130
May  1 16:04:44 aphkrsws7 kernel: [<ffffffff811b0f11>] handle_mm_fault+0x6b1/0xfe0
May  1 16:04:44 aphkrsws7 kernel: [<ffffffff81691d94>] __do_page_fault+0x154/0x450
May  1 16:04:44 aphkrsws7 kernel: [<ffffffff816920c5>] do_page_fault+0x35/0x90
May  1 16:04:44 aphkrsws7 kernel: [<ffffffff8168e388>] page_fault+0x28/0x30
May  1 16:04:44 aphkrsws7 kernel: Mem-Info:
May  1 16:04:44 aphkrsws7 kernel: active_anon:205095 inactive_anon:10052 isolated_anon:0#012 active_file:85 inactive_file:3858 isolated_file:0#012 unevictable:0 dirty:8 writeback:0 unstable:0#012 slab_reclaimable:4734 slab_unreclaimable:4619#012 mapped:1438 shmem:14658 pagetables:3700 bounce:0#012 free:12224 free_pcp:30 free_cma:0
May  1 16:04:44 aphkrsws7 kernel: Node 0 DMA free:4588kB min:708kB low:884kB high:1060kB active_anon:10236kB inactive_anon:472kB active_file:0kB inactive_file:0kB unevictable:0kB isolated(anon):0kB isolated(file):0kB present:15988kB managed:15904kB mlocked:0kB dirty:0kB writeback:0kB mapped:156kB shmem:1136kB slab_reclaimable:180kB slab_unreclaimable:140kB kernel_stack:0kB pagetables:64kB unstable:0kB bounce:0kB free_pcp:0kB local_pcp:0kB free_cma:0kB writeback_tmp:0kB pages_scanned:0 all_unreclaimable? yes
May  1 16:04:44 aphkrsws7 kernel: lowmem_reserve[]: 0 970 970 970
May  1 16:04:44 aphkrsws7 kernel: Node 0 DMA32 free:44308kB min:44344kB low:55428kB high:66516kB active_anon:810144kB inactive_anon:39736kB active_file:340kB inactive_file:15432kB unevictable:0kB isolated(anon):0kB isolated(file):0kB present:1028096kB managed:994980kB mlocked:0kB dirty:32kB writeback:0kB mapped:5596kB shmem:57496kB slab_reclaimable:18756kB slab_unreclaimable:18336kB kernel_stack:2480kB pagetables:14736kB unstable:0kB bounce:0kB free_pcp:120kB local_pcp:120kB free_cma:0kB writeback_tmp:0kB pages_scanned:792 all_unreclaimable? yes
May  1 16:04:44 aphkrsws7 kernel: lowmem_reserve[]: 0 0 0 0
May  1 16:04:44 aphkrsws7 kernel: Node 0 DMA: 8*4kB (UEM) 60*8kB (UEM) 27*16kB (UEM) 12*32kB (UEM) 5*64kB (UEM) 1*128kB (U) 1*256kB (M) 3*512kB (UEM) 1*1024kB (E) 0*2048kB 0*4096kB = 4592kB
May  1 16:04:44 aphkrsws7 kernel: Node 0 DMA32: 297*4kB (UEM) 196*8kB (UEM) 281*16kB (UEM) 272*32kB (UE) 165*64kB (UEM) 57*128kB (UEM) 25*256kB (UEM) 2*512kB (EM) 1*1024kB (U) 1*2048kB (E) 0*4096kB = 44308kB
May  1 16:04:44 aphkrsws7 kernel: Node 0 hugepages_total=0 hugepages_free=0 hugepages_surp=0 hugepages_size=2048kB
May  1 16:04:44 aphkrsws7 kernel: 18612 total pagecache pages
May  1 16:04:44 aphkrsws7 kernel: 0 pages in swap cache
May  1 16:04:44 aphkrsws7 kernel: Swap cache stats: add 0, delete 0, find 0/0
May  1 16:04:44 aphkrsws7 kernel: Free swap  = 0kB
May  1 16:04:44 aphkrsws7 kernel: Total swap = 0kB
May  1 16:04:44 aphkrsws7 kernel: 261021 pages RAM
May  1 16:04:44 aphkrsws7 kernel: 0 pages HighMem/MovableOnly
May  1 16:04:44 aphkrsws7 kernel: 8300 pages reserved
May  1 16:04:44 aphkrsws7 kernel: [ pid ]   uid  tgid total_vm      rss nr_ptes swapents oom_score_adj name
May  1 16:04:44 aphkrsws7 kernel: [  333]     0   333     8835      817      21        0             0 systemd-journal
May  1 16:04:44 aphkrsws7 kernel: [  463]     0   463     6180      198      17        0             0 systemd-logind
May  1 16:04:44 aphkrsws7 kernel: [  464]     0   464    53166      431      57        0             0 abrtd
May  1 16:04:44 aphkrsws7 kernel: [  468]    81   468     6195      192      18        0          -900 dbus-daemon
May  1 16:04:44 aphkrsws7 kernel: [  471]     0   471    52566      340      56        0             0 abrt-watch-log
May  1 16:04:44 aphkrsws7 kernel: [  479]   997   479     2131       37       8        0             0 lsmd
May  1 16:04:44 aphkrsws7 kernel: [  492]     0   492     6071      126      16        0             0 smartd
May  1 16:04:44 aphkrsws7 kernel: [  505]     0   505     6461       52      15        0             0 atd
May  1 16:04:44 aphkrsws7 kernel: [  529]     0   529    27509       34      10        0             0 agetty
May  1 16:04:44 aphkrsws7 kernel: [  736]     0   736     2941       84      11        0             0 xe-daemon
May  1 16:04:44 aphkrsws7 kernel: [  737]     0   737    70637     1487      62        0             0 nova-agent
May  1 16:04:44 aphkrsws7 kernel: [ 1161]     0  1161    22245      258      42        0             0 master
May  1 16:04:44 aphkrsws7 kernel: [ 1169]    89  1169    22314      263      41        0             0 qmgr
May  1 16:04:44 aphkrsws7 kernel: [10011]     0 10011   109754     3683      46        0             0 rackspace-monit
May  1 16:04:44 aphkrsws7 kernel: [10384]     0 10384    67649     1057      60        0             0 rsyslogd
May  1 16:04:44 aphkrsws7 kernel: [10417]    38 10417     7352      151      18        0             0 ntpd
May  1 16:04:44 aphkrsws7 kernel: [22043]     0 22043    10875      127      21        0         -1000 systemd-udevd
May  1 16:04:44 aphkrsws7 kernel: [22458]     0 22458    26370      246      54        0         -1000 sshd
May  1 16:04:44 aphkrsws7 kernel: [22532]     0 22532    82934     6165      84        0             0 firewalld
May  1 16:04:44 aphkrsws7 kernel: [22560]     0 22560   112395     3936     104        0             0 fail2ban-server
May  1 16:04:44 aphkrsws7 kernel: [22645]     0 22645    13854      112      26        0         -1000 auditd
May  1 16:04:44 aphkrsws7 kernel: [22740]   998 22740   132068     1833      53        0             0 polkitd
May  1 16:04:44 aphkrsws7 kernel: [22762]     0 22762   138290     2667      90        0             0 tuned
May  1 16:04:44 aphkrsws7 kernel: [26034]     0 26034    11290       75      25        0             0 lvmetad
May  1 16:04:44 aphkrsws7 kernel: [21047]     0 21047    99740     2175     189        0             0 httpd
May  1 16:04:44 aphkrsws7 kernel: [29364]     0 29364    31555      157      20        0             0 crond
May  1 16:04:44 aphkrsws7 kernel: [11904]     0 11904    84904     3401     112        0             0 python
May  1 16:04:44 aphkrsws7 kernel: [11974]     0 11974   187759     6796      61        0             0 driveclient
May  1 16:04:44 aphkrsws7 kernel: [21151]   995 21151   194452    29198     129        0             0 mysqld
May  1 16:04:44 aphkrsws7 kernel: [21615]     0 21615    67756     1383     130        0             0 httpd
May  1 16:04:44 aphkrsws7 kernel: [21617]    48 21617   132539    13104     220        0             0 httpd
May  1 16:04:44 aphkrsws7 kernel: [21618]    48 21618   132329    12904     220        0             0 httpd
May  1 16:04:44 aphkrsws7 kernel: [21619]    48 21619   132081    12644     219        0             0 httpd
May  1 16:04:44 aphkrsws7 kernel: [21620]    48 21620   111131    12867     211        0             0 httpd
May  1 16:04:44 aphkrsws7 kernel: [21621]    48 21621   110295    12588     209        0             0 httpd
May  1 16:04:44 aphkrsws7 kernel: [23992]    48 23992   132359    12929     220        0             0 httpd
May  1 16:04:44 aphkrsws7 kernel: [26915]    48 26915   132264    12837     220        0             0 httpd
May  1 16:04:44 aphkrsws7 kernel: [26997]    48 26997   132169    12739     220        0             0 httpd
May  1 16:04:44 aphkrsws7 kernel: [ 6630]    89  6630    22449      272      43        0             0 pickup
May  1 16:04:44 aphkrsws7 kernel: [ 7590]     0  7590    44529      229      44        0             0 crond
May  1 16:04:44 aphkrsws7 kernel: [ 7591]     0  7591    28280       54      14        0             0 run-parts
May  1 16:04:44 aphkrsws7 kernel: [ 7603]     0  7603   200890    41889     212        0             0 yum-cron
May  1 16:04:44 aphkrsws7 kernel: [ 7604]     0  7604    28371       35      12        0             0 awk
May  1 16:04:44 aphkrsws7 kernel: [ 7681]     0  7681     1077       18       8        0             0 sleep
May  1 16:04:44 aphkrsws7 kernel: Out of memory: Kill process 7603 (yum-cron) score 161 or sacrifice child
May  1 16:04:44 aphkrsws7 kernel: Killed process 7603 (yum-cron) total-vm:803560kB, anon-rss:167552kB, file-rss:4kB, shmem-rss:0kB
May  1 16:04:44 aphkrsws7 systemd: Removed slice user-0.slice.
May  1 16:04:44 aphkrsws7 systemd: Stopping user-0.slice.
May  1 16:10:01 aphkrsws7 systemd: Created slice user-0.slice.
May  1 16:10:01 aphkrsws7 systemd: Starting user-0.slice.
May  1 16:10:01 aphkrsws7 systemd: Started Session 3101 of user root.
May  1 16:10:01 aphkrsws7 systemd: Starting Session 3101 of user root.
May  1 16:10:01 aphkrsws7 systemd: Started Session 3102 of user root.
May  1 16:10:01 aphkrsws7 systemd: Starting Session 3102 of user root.
May  1 16:10:11 aphkrsws7 systemd: Removed slice user-0.slice.
May  1 16:10:11 aphkrsws7 systemd: Stopping user-0.slice.
May  1 16:20:01 aphkrsws7 systemd: Created slice user-0.slice.
May  1 16:20:01 aphkrsws7 systemd: Starting user-0.slice.
May  1 16:20:01 aphkrsws7 systemd: Started Session 3104 of user root.
May  1 16:20:01 aphkrsws7 systemd: Starting Session 3104 of user root.
May  1 16:20:01 aphkrsws7 systemd: Started Session 3103 of user root.
May  1 16:20:01 aphkrsws7 systemd: Starting Session 3103 of user root.
May  1 16:20:11 aphkrsws7 systemd: Removed slice user-0.slice.
May  1 16:20:11 aphkrsws7 systemd: Stopping user-0.slice.
May  1 16:30:01 aphkrsws7 systemd: Created slice user-0.slice.
May  1 16:30:01 aphkrsws7 systemd: Starting user-0.slice.
May  1 16:30:01 aphkrsws7 systemd: Started Session 3106 of user root.
May  1 16:30:01 aphkrsws7 systemd: Starting Session 3106 of user root.
May  1 16:30:01 aphkrsws7 systemd: Started Session 3105 of user root.
May  1 16:30:01 aphkrsws7 systemd: Starting Session 3105 of user root.
May  1 16:30:12 aphkrsws7 systemd: Removed slice user-0.slice.
May  1 16:30:12 aphkrsws7 systemd: Stopping user-0.slice.
May  1 16:40:01 aphkrsws7 systemd: Created slice user-0.slice.
May  1 16:40:01 aphkrsws7 systemd: Starting user-0.slice.
May  1 16:40:01 aphkrsws7 systemd: Started Session 3108 of user root.
May  1 16:40:01 aphkrsws7 systemd: Starting Session 3108 of user root.
May  1 16:40:01 aphkrsws7 systemd: Started Session 3107 of user root.
May  1 16:40:01 aphkrsws7 systemd: Starting Session 3107 of user root.
May  1 16:40:11 aphkrsws7 systemd: Removed slice user-0.slice.
May  1 16:40:11 aphkrsws7 systemd: Stopping user-0.slice.
May  1 16:50:01 aphkrsws7 systemd: Created slice user-0.slice.
May  1 16:50:01 aphkrsws7 systemd: Starting user-0.slice.
May  1 16:50:01 aphkrsws7 systemd: Started Session 3110 of user root.
May  1 16:50:01 aphkrsws7 systemd: Starting Session 3110 of user root.
May  1 16:50:01 aphkrsws7 systemd: Started Session 3109 of user root.
May  1 16:50:01 aphkrsws7 systemd: Starting Session 3109 of user root.
May  1 16:50:11 aphkrsws7 systemd: Removed slice user-0.slice.
May  1 16:50:11 aphkrsws7 systemd: Stopping user-0.slice.
May  1 17:00:01 aphkrsws7 systemd: Created slice user-0.slice.
May  1 17:00:01 aphkrsws7 systemd: Starting user-0.slice.
May  1 17:00:01 aphkrsws7 systemd: Started Session 3112 of user root.
May  1 17:00:01 aphkrsws7 systemd: Starting Session 3112 of user root.
May  1 17:00:01 aphkrsws7 systemd: Started Session 3111 of user root.
May  1 17:00:01 aphkrsws7 systemd: Starting Session 3111 of user root.
May  1 17:00:12 aphkrsws7 systemd: Removed slice user-0.slice.
May  1 17:00:12 aphkrsws7 systemd: Stopping user-0.slice.
May  1 17:01:01 aphkrsws7 systemd: Created slice user-0.slice.
May  1 17:01:01 aphkrsws7 systemd: Starting user-0.slice.
May  1 17:01:01 aphkrsws7 systemd: Started Session 3113 of user root.
May  1 17:01:01 aphkrsws7 systemd: Starting Session 3113 of user root.
May  1 17:07:47 aphkrsws7 kernel: yum-cron invoked oom-killer: gfp_mask=0x280da, order=0, oom_score_adj=0
May  1 17:07:47 aphkrsws7 kernel: yum-cron cpuset=/ mems_allowed=0
May  1 17:07:47 aphkrsws7 kernel: CPU: 0 PID: 9509 Comm: yum-cron Not tainted 3.10.0-514.6.1.el7.x86_64 #1
May  1 17:07:47 aphkrsws7 kernel: Hardware name: Xen HVM domU, BIOS 4.1.5 11/28/2013
May  1 17:07:47 aphkrsws7 kernel: ffff88003c472f10 00000000d8f6f3e5 ffff88003c5f3a78 ffffffff816862ac
May  1 17:07:47 aphkrsws7 kernel: ffff88003c5f3b08 ffffffff81681257 ffffffff810eab9c ffff88003be6f210
May  1 17:07:47 aphkrsws7 kernel: ffff88003be6f228 0000000000000206 ffff88003c472f10 ffff88003c5f3af8
May  1 17:07:47 aphkrsws7 kernel: Call Trace:
May  1 17:07:47 aphkrsws7 kernel: [<ffffffff816862ac>] dump_stack+0x19/0x1b
May  1 17:07:47 aphkrsws7 kernel: [<ffffffff81681257>] dump_header+0x8e/0x225
May  1 17:07:47 aphkrsws7 kernel: [<ffffffff810eab9c>] ? ktime_get_ts64+0x4c/0xf0
May  1 17:07:47 aphkrsws7 kernel: [<ffffffff8113ccaf>] ? delayacct_end+0x8f/0xb0
May  1 17:07:47 aphkrsws7 kernel: [<ffffffff8118475e>] oom_kill_process+0x24e/0x3c0
May  1 17:07:47 aphkrsws7 kernel: [<ffffffff811841fd>] ? oom_unkillable_task+0xcd/0x120
May  1 17:07:47 aphkrsws7 kernel: [<ffffffff811842a6>] ? find_lock_task_mm+0x56/0xc0
May  1 17:07:47 aphkrsws7 kernel: [<ffffffff810937ee>] ? has_capability_noaudit+0x1e/0x30
May  1 17:07:47 aphkrsws7 kernel: [<ffffffff81184f96>] out_of_memory+0x4b6/0x4f0
May  1 17:07:47 aphkrsws7 kernel: [<ffffffff81681d60>] __alloc_pages_slowpath+0x5d7/0x725
May  1 17:07:47 aphkrsws7 kernel: [<ffffffff8118b0a5>] __alloc_pages_nodemask+0x405/0x420
May  1 17:07:47 aphkrsws7 kernel: [<ffffffff811d220a>] alloc_pages_vma+0x9a/0x150
May  1 17:07:47 aphkrsws7 kernel: [<ffffffff811b14cf>] handle_mm_fault+0xc6f/0xfe0
May  1 17:07:47 aphkrsws7 kernel: [<ffffffff81691d94>] __do_page_fault+0x154/0x450
May  1 17:07:47 aphkrsws7 kernel: [<ffffffff816920c5>] do_page_fault+0x35/0x90
May  1 17:07:47 aphkrsws7 kernel: [<ffffffff8168e388>] page_fault+0x28/0x30
May  1 17:07:47 aphkrsws7 kernel: Mem-Info:
May  1 17:07:47 aphkrsws7 kernel: active_anon:210335 inactive_anon:10053 isolated_anon:0#012 active_file:80 inactive_file:1479 isolated_file:0#012 unevictable:0 dirty:5 writeback:0 unstable:0#012 slab_reclaimable:4708 slab_unreclaimable:4635#012 mapped:1580 shmem:14659 pagetables:3699 bounce:0#012 free:12202 free_pcp:62 free_cma:0
May  1 17:07:47 aphkrsws7 kernel: Node 0 DMA free:4580kB min:708kB low:884kB high:1060kB active_anon:10260kB inactive_anon:472kB active_file:0kB inactive_file:0kB unevictable:0kB isolated(anon):0kB isolated(file):0kB present:15988kB managed:15904kB mlocked:0kB dirty:0kB writeback:0kB mapped:156kB shmem:1136kB slab_reclaimable:176kB slab_unreclaimable:140kB kernel_stack:0kB pagetables:68kB unstable:0kB bounce:0kB free_pcp:0kB local_pcp:0kB free_cma:0kB writeback_tmp:0kB pages_scanned:0 all_unreclaimable? yes
May  1 17:07:47 aphkrsws7 kernel: lowmem_reserve[]: 0 970 970 970
May  1 17:07:47 aphkrsws7 kernel: Node 0 DMA32 free:44228kB min:44344kB low:55428kB high:66516kB active_anon:831080kB inactive_anon:39740kB active_file:320kB inactive_file:5916kB unevictable:0kB isolated(anon):0kB isolated(file):0kB present:1028096kB managed:994980kB mlocked:0kB dirty:20kB writeback:0kB mapped:6164kB shmem:57500kB slab_reclaimable:18656kB slab_unreclaimable:18400kB kernel_stack:2464kB pagetables:14728kB unstable:0kB bounce:0kB free_pcp:248kB local_pcp:248kB free_cma:0kB writeback_tmp:0kB pages_scanned:631 all_unreclaimable? yes
May  1 17:07:47 aphkrsws7 kernel: lowmem_reserve[]: 0 0 0 0
May  1 17:07:47 aphkrsws7 kernel: Node 0 DMA: 9*4kB (UEM) 58*8kB (UEM) 27*16kB (UEM) 12*32kB (UEM) 5*64kB (UEM) 1*128kB (U) 1*256kB (M) 3*512kB (UEM) 1*1024kB (E) 0*2048kB 0*4096kB = 4580kB
May  1 17:07:47 aphkrsws7 kernel: Node 0 DMA32: 265*4kB (UEM) 186*8kB (UE) 287*16kB (UEM) 277*32kB (UEM) 165*64kB (UEM) 56*128kB (UE) 25*256kB (UEM) 2*512kB (EM) 1*1024kB (U) 1*2048kB (E) 0*4096kB = 44228kB
May  1 17:07:47 aphkrsws7 kernel: Node 0 hugepages_total=0 hugepages_free=0 hugepages_surp=0 hugepages_size=2048kB
May  1 17:07:47 aphkrsws7 kernel: 16233 total pagecache pages
May  1 17:07:47 aphkrsws7 kernel: 0 pages in swap cache
May  1 17:07:47 aphkrsws7 kernel: Swap cache stats: add 0, delete 0, find 0/0
May  1 17:07:47 aphkrsws7 kernel: Free swap  = 0kB
May  1 17:07:47 aphkrsws7 kernel: Total swap = 0kB
May  1 17:07:47 aphkrsws7 kernel: 261021 pages RAM
May  1 17:07:47 aphkrsws7 kernel: 0 pages HighMem/MovableOnly
May  1 17:07:47 aphkrsws7 kernel: 8300 pages reserved
May  1 17:07:47 aphkrsws7 kernel: [ pid ]   uid  tgid total_vm      rss nr_ptes swapents oom_score_adj name
May  1 17:07:47 aphkrsws7 kernel: [  333]     0   333     8835      868      21        0             0 systemd-journal
May  1 17:07:47 aphkrsws7 kernel: [  463]     0   463     6180      198      17        0             0 systemd-logind
May  1 17:07:47 aphkrsws7 kernel: [  464]     0   464    53166      431      57        0             0 abrtd
May  1 17:07:47 aphkrsws7 kernel: [  468]    81   468     6195      192      18        0          -900 dbus-daemon
May  1 17:07:47 aphkrsws7 kernel: [  471]     0   471    52566      340      56        0             0 abrt-watch-log
May  1 17:07:47 aphkrsws7 kernel: [  479]   997   479     2131       37       8        0             0 lsmd
May  1 17:07:47 aphkrsws7 kernel: [  492]     0   492     6071      126      16        0             0 smartd
May  1 17:07:47 aphkrsws7 kernel: [  505]     0   505     6461       52      15        0             0 atd
May  1 17:07:47 aphkrsws7 kernel: [  529]     0   529    27509       34      10        0             0 agetty
May  1 17:07:47 aphkrsws7 kernel: [  736]     0   736     2941       84      11        0             0 xe-daemon
May  1 17:07:47 aphkrsws7 kernel: [  737]     0   737    70637     1487      62        0             0 nova-agent
May  1 17:07:47 aphkrsws7 kernel: [ 1161]     0  1161    22245      258      42        0             0 master
May  1 17:07:47 aphkrsws7 kernel: [ 1169]    89  1169    22314      263      41        0             0 qmgr
May  1 17:07:47 aphkrsws7 kernel: [10011]     0 10011   109847     3763      46        0             0 rackspace-monit
May  1 17:07:47 aphkrsws7 kernel: [10384]     0 10384    67649     1100      60        0             0 rsyslogd
May  1 17:07:47 aphkrsws7 kernel: [10417]    38 10417     7352      151      18        0             0 ntpd
May  1 17:07:47 aphkrsws7 kernel: [22043]     0 22043    10875      127      21        0         -1000 systemd-udevd
May  1 17:07:47 aphkrsws7 kernel: [22458]     0 22458    26370      246      54        0         -1000 sshd
May  1 17:07:47 aphkrsws7 kernel: [22532]     0 22532    82934     6165      84        0             0 firewalld
May  1 17:07:47 aphkrsws7 kernel: [22560]     0 22560   112395     3948     104        0             0 fail2ban-server
May  1 17:07:47 aphkrsws7 kernel: [22645]     0 22645    13854      112      26        0         -1000 auditd
May  1 17:07:47 aphkrsws7 kernel: [22740]   998 22740   132068     1833      53        0             0 polkitd
May  1 17:07:47 aphkrsws7 kernel: [22762]     0 22762   138290     2667      90        0             0 tuned
May  1 17:07:47 aphkrsws7 kernel: [26034]     0 26034    11290       75      25        0             0 lvmetad
May  1 17:07:47 aphkrsws7 kernel: [21047]     0 21047    99740     2175     189        0             0 httpd
May  1 17:07:47 aphkrsws7 kernel: [29364]     0 29364    31555      157      20        0             0 crond
May  1 17:07:47 aphkrsws7 kernel: [11904]     0 11904    84904     3401     112        0             0 python
May  1 17:07:47 aphkrsws7 kernel: [11974]     0 11974   187759     6818      61        0             0 driveclient
May  1 17:07:47 aphkrsws7 kernel: [21151]   995 21151   194452    29323     129        0             0 mysqld
May  1 17:07:47 aphkrsws7 kernel: [21615]     0 21615    67756     1383     130        0             0 httpd
May  1 17:07:47 aphkrsws7 kernel: [21617]    48 21617   132347    12912     220        0             0 httpd
May  1 17:07:47 aphkrsws7 kernel: [21618]    48 21618   132329    12904     220        0             0 httpd
May  1 17:07:47 aphkrsws7 kernel: [21619]    48 21619   132407    12959     220        0             0 httpd
May  1 17:07:47 aphkrsws7 kernel: [21620]    48 21620   110872    12669     210        0             0 httpd
May  1 17:07:47 aphkrsws7 kernel: [21621]    48 21621   110367    12671     209        0             0 httpd
May  1 17:07:47 aphkrsws7 kernel: [23992]    48 23992   133966    14446     223        0             0 httpd
May  1 17:07:47 aphkrsws7 kernel: [26915]    48 26915   132264    12837     220        0             0 httpd
May  1 17:07:47 aphkrsws7 kernel: [26997]    48 26997   132425    12988     220        0             0 httpd
May  1 17:07:47 aphkrsws7 kernel: [ 9478]    89  9478    22449      272      44        0             0 pickup
May  1 17:07:47 aphkrsws7 kernel: [ 9496]     0  9496    44529      229      44        0             0 crond
May  1 17:07:47 aphkrsws7 kernel: [ 9497]     0  9497    28280       54      14        0             0 run-parts
May  1 17:07:47 aphkrsws7 kernel: [ 9509]     0  9509   185737    45265     213        0             0 yum-cron
May  1 17:07:47 aphkrsws7 kernel: [ 9510]     0  9510    28371       35      13        0             0 awk
May  1 17:07:47 aphkrsws7 kernel: [ 9651]     0  9651     1077       17       7        0             0 sleep
May  1 17:07:47 aphkrsws7 kernel: Out of memory: Kill process 9509 (yum-cron) score 174 or sacrifice child
May  1 17:07:47 aphkrsws7 kernel: Killed process 9509 (yum-cron) total-vm:742948kB, anon-rss:180768kB, file-rss:292kB, shmem-rss:0kB
May  1 17:07:48 aphkrsws7 systemd: Removed slice user-0.slice.
May  1 17:07:48 aphkrsws7 systemd: Stopping user-0.slice.
May  1 17:10:01 aphkrsws7 systemd: Created slice user-0.slice.
May  1 17:10:01 aphkrsws7 systemd: Starting user-0.slice.
May  1 17:10:01 aphkrsws7 systemd: Started Session 3114 of user root.
May  1 17:10:01 aphkrsws7 systemd: Starting Session 3114 of user root.
May  1 17:10:01 aphkrsws7 systemd: Started Session 3115 of user root.
May  1 17:10:01 aphkrsws7 systemd: Starting Session 3115 of user root.
May  1 17:10:11 aphkrsws7 systemd: Removed slice user-0.slice.
May  1 17:10:11 aphkrsws7 systemd: Stopping user-0.slice.
May  1 17:20:01 aphkrsws7 systemd: Created slice user-0.slice.
May  1 17:20:01 aphkrsws7 systemd: Starting user-0.slice.
May  1 17:20:01 aphkrsws7 systemd: Started Session 3117 of user root.
May  1 17:20:01 aphkrsws7 systemd: Starting Session 3117 of user root.
May  1 17:20:01 aphkrsws7 systemd: Started Session 3116 of user root.
May  1 17:20:01 aphkrsws7 systemd: Starting Session 3116 of user root.
May  1 17:20:11 aphkrsws7 systemd: Removed slice user-0.slice.
May  1 17:20:11 aphkrsws7 systemd: Stopping user-0.slice.
May  1 17:30:01 aphkrsws7 systemd: Created slice user-0.slice.
May  1 17:30:01 aphkrsws7 systemd: Starting user-0.slice.
May  1 17:30:01 aphkrsws7 systemd: Started Session 3119 of user root.
May  1 17:30:01 aphkrsws7 systemd: Starting Session 3119 of user root.
May  1 17:30:01 aphkrsws7 systemd: Started Session 3118 of user root.
May  1 17:30:01 aphkrsws7 systemd: Starting Session 3118 of user root.
May  1 17:30:12 aphkrsws7 systemd: Removed slice user-0.slice.
May  1 17:30:12 aphkrsws7 systemd: Stopping user-0.slice.
May  1 17:40:01 aphkrsws7 systemd: Created slice user-0.slice.
May  1 17:40:01 aphkrsws7 systemd: Starting user-0.slice.
May  1 17:40:01 aphkrsws7 systemd: Started Session 3121 of user root.
May  1 17:40:01 aphkrsws7 systemd: Starting Session 3121 of user root.
May  1 17:40:01 aphkrsws7 systemd: Started Session 3120 of user root.
May  1 17:40:01 aphkrsws7 systemd: Starting Session 3120 of user root.
May  1 17:40:11 aphkrsws7 systemd: Removed slice user-0.slice.
May  1 17:40:11 aphkrsws7 systemd: Stopping user-0.slice.
May  1 17:50:01 aphkrsws7 systemd: Created slice user-0.slice.
May  1 17:50:01 aphkrsws7 systemd: Starting user-0.slice.
May  1 17:50:01 aphkrsws7 systemd: Started Session 3123 of user root.
May  1 17:50:01 aphkrsws7 systemd: Starting Session 3123 of user root.
May  1 17:50:01 aphkrsws7 systemd: Started Session 3122 of user root.
